******************************************************************************
                  TI ARM Linker PC v20.2.5                     
******************************************************************************
>> Linked Mon Apr 18 12:58:51 2022

OUTPUT FILE NAME:   <lab4_template.out>
ENTRY POINT SYMBOL: "_c_int00_noargs"  address: 000040e1


MEMORY CONFIGURATION

         name            origin    length      used     unused   attr    fill
----------------------  --------  ---------  --------  --------  ----  --------
  MAIN                  00000000   00040000  000048c9  0003b737  R  X
  INFO                  00200000   00004000  00000000  00004000  R  X
  SRAM_CODE             01000000   00010000  00000d9c  0000f264  RW X
  SRAM_DATA             20000000   00010000  00000d9c  0000f264  RW  


SEGMENT ALLOCATION MAP

run origin  load origin   length   init length attrs members
----------  ----------- ---------- ----------- ----- -------
00000000    00000000    000048d0   000048d0    r-x
  00000000    00000000    000000e4   000000e4    r-- .intvecs
  000000e4    000000e4    0000453c   0000453c    r-x .text
  00004620    00004620    000001e9   000001e9    r-- .const
  00004810    00004810    000000c0   000000c0    r-- .cinit
20000000    20000000    0000099c   00000000    rw-
  20000000    20000000    000000e8   00000000    rw- .vtable
  200000e8    200000e8    00000400   00000000    rw- .sysmem
  200004e8    200004e8    0000029c   00000000    rw- .bss
  20000784    20000784    00000218   00000000    rw- .data
2000fc00    2000fc00    00000400   00000000    rw-
  2000fc00    2000fc00    00000400   00000000    rw- .stack


SECTION ALLOCATION MAP

 output                                  attributes/
section   page    origin      length       input sections
--------  ----  ----------  ----------   ----------------
.intvecs   0    00000000    000000e4     
                  00000000    000000e4     startup_msp432p401r_ccs.obj (.intvecs:retain)

.text      0    000000e4    0000453c     
                  000000e4    00000a4e     rtsv7M4_T_le_v4SPD16_eabi.lib : _printfi.c.obj (.text:__TI_printfi)
                  00000b32    00000002     startup_msp432p401r_ccs.obj (.text:Default_Handler)
                  00000b34    00000360     lab4-a.obj (.text:main)
                  00000e94    00000270     rtsv7M4_T_le_v4SPD16_eabi.lib : _printfi.c.obj (.text:_pconv_a)
                  00001104    00000250     lab4-a.obj (.text:Encoder_ISR)
                  00001354    000001d0     rtsv7M4_T_le_v4SPD16_eabi.lib : _printfi.c.obj (.text:_pconv_g)
                  00001524    000001b6                                   : fd_add_t2.asm.obj (.text)
                  000016da    00000002                                   : _lock.c.obj (.text:_nop)
                  000016dc    000001ac     lab4-a.obj (.text:TimerInit)
                  00001888    00000160     msp432p4xx_driverlib.lib : adc14.o (.text:_getIndexForMemRegister)
                  000019e8    00000144                              : timer_a.o (.text:privateTimer_AProcessClockSourceDivider)
                  00001b2c    0000013c     rtsv7M4_T_le_v4SPD16_eabi.lib : _printfi.c.obj (.text:_pconv_e)
                  00001c68    00000136                                   : fd_div_t2.asm.obj (.text)
                  00001d9e    00000002                                   : div0.asm.obj (.text)
                  00001da0    00000124                                   : _printfi.c.obj (.text:fcvt)
                  00001ec4    0000011c     msp432p4xx_driverlib.lib : uart.o (.text:UART_initModule)
                  00001fe0    00000114     rtsv7M4_T_le_v4SPD16_eabi.lib : fputs.c.obj (.text:fputs)
                  000020f4    00000110                                   : fopen.c.obj (.text:_openfile)
                  00002204    00000110                                   : s_scalbn.c.obj (.text:scalbn)
                  00002314    00000100                                   : memory.c.obj (.text:aligned_alloc)
                  00002414    000000fc                                   : fd_mul_t2.asm.obj (.text)
                  00002510    000000e4                                   : memory.c.obj (.text:free)
                  000025f4    000000dc                                   : setvbuf.c.obj (.text:setvbuf)
                  000026d0    000000d2     msp432p4xx_driverlib.lib : timer_a.o (.text:Timer_A_registerInterrupt)
                  000027a2    00000002     --HOLE-- [fill = 0]
                  000027a4    000000bc     rtsv7M4_T_le_v4SPD16_eabi.lib : open.c.obj (.text:open)
                  00002860    000000b8                                   : add_device.c.obj (.text:add_device)
                  00002918    000000b4     msp432p4xx_driverlib.lib : adc14.o (.text:ADC14_configureConversionMemory)
                  000029cc    000000b4                              : adc14.o (.text:ADC14_configureMultiSequenceMode)
                  00002a80    000000b1     rtsv7M4_T_le_v4SPD16_eabi.lib : _printfi.c.obj (.text:_ltostr)
                  00002b31    00000003     --HOLE-- [fill = 0]
                  00002b34    0000009c     engr2350_msp432.obj (.text:init_std_uart)
                  00002bd0    0000009c     rtsv7M4_T_le_v4SPD16_eabi.lib : memcpy_t2.asm.obj (.text)
                  00002c6c    00000098     system_msp432p401r.obj (.text:SystemInit)
                  00002d04    00000096     rtsv7M4_T_le_v4SPD16_eabi.lib : ull_div_t2.asm.obj (.text)
                  00002d9a    00000002     --HOLE-- [fill = 0]
                  00002d9c    0000008c                                   : fputc.c.obj (.text:fputc)
                  00002e28    00000088     msp432p4xx_driverlib.lib : gpio.o (.text:GPIO_setAsPeripheralModuleFunctionInputPin)
                  00002eb0    00000088                              : gpio.o (.text:GPIO_setAsPeripheralModuleFunctionOutputPin)
                  00002f38    00000086     rtsv7M4_T_le_v4SPD16_eabi.lib : fd_cmp_t2.asm.obj (.text:__aeabi_cdcmple)
                  00002fbe    00000086                                   : fd_cmp_t2.asm.obj (.text:__aeabi_cdrcmple)
                  00003044    00000080     msp432p4xx_driverlib.lib : interrupt.o (.text:Interrupt_enableInterrupt)
                  000030c4    00000080     engr2350_msp432.obj (.text:dopen)
                  00003144    0000007a     rtsv7M4_T_le_v4SPD16_eabi.lib : memset_t2.asm.obj (.text)
                  000031be    00000002     --HOLE-- [fill = 0]
                  000031c0    00000074                                   : fclose.c.obj (.text:__TI_closefile)
                  00003234    00000070                                   : memory.c.obj (.text:split)
                  000032a4    0000006e                                   : _printfi.c.obj (.text:_mcpy)
                  00003312    00000002     --HOLE-- [fill = 0]
                  00003314    0000006c                                   : hostrename.c.obj (.text:HOSTrename)
                  00003380    00000068                                   : hostlseek.c.obj (.text:HOSTlseek)
                  000033e8    00000068     msp432p4xx_driverlib.lib : timer_a.o (.text:Timer_A_configureUpMode)
                  00003450    00000068     rtsv7M4_T_le_v4SPD16_eabi.lib : copy_decompress_lzss.c.obj (.text:decompress:lzss:__TI_decompress_lzss)
                  000034b8    00000068                                   : printf.c.obj (.text:printf)
                  00003520    00000064     lab4-a.obj (.text:GPIOInit)
                  00003584    00000064     rtsv7M4_T_le_v4SPD16_eabi.lib : s_frexp.c.obj (.text:frexp)
                  000035e8    00000064                                   : fseek.c.obj (.text:fseek)
                  0000364c    00000062                                   : _io_perm.c.obj (.text:__TI_wrt_ok)
                  000036ae    00000002     --HOLE-- [fill = 0]
                  000036b0    00000060                                   : hostopen.c.obj (.text:HOSTopen)
                  00003710    0000005c     msp432p4xx_driverlib.lib : interrupt.o (.text:Interrupt_registerInterrupt)
                  0000376c    0000005c     rtsv7M4_T_le_v4SPD16_eabi.lib : close.c.obj (.text:close)
                  000037c8    00000058     msp432p4xx_driverlib.lib : adc14.o (.text:ADC14_configureSingleSampleMode)
                  00003820    00000058                              : gpio.o (.text:GPIO_setAsInputPinWithPullUpResistor)
                  00003878    00000058     rtsv7M4_T_le_v4SPD16_eabi.lib : hostread.c.obj (.text:HOSTread)
                  000038d0    00000058                                   : hostwrite.c.obj (.text:HOSTwrite)
                  00003928    00000058     msp432p4xx_driverlib.lib : timer_a.o (.text:Timer_A_initCapture)
                  00003980    00000056     rtsv7M4_T_le_v4SPD16_eabi.lib : _printfi.c.obj (.text:_pconv_f)
                  000039d6    00000002     --HOLE-- [fill = 0]
                  000039d8    00000054     msp432p4xx_driverlib.lib : adc14.o (.text:ADC14_getMultiSequenceResult)
                  00003a2c    00000054                              : adc14.o (.text:ADC14_initModule)
                  00003a80    00000054     rtsv7M4_T_le_v4SPD16_eabi.lib : _ltoa.c.obj (.text:__TI_ltoa)
                  00003ad4    00000054     engr2350_msp432.obj (.text:dread)
                  00003b28    00000052     lab4-a.obj (.text:ADCInit)
                  00003b7a    00000052     rtsv7M4_T_le_v4SPD16_eabi.lib : _printfi.c.obj (.text:_ecpy)
                  00003bcc    0000004e     msp432p4xx_driverlib.lib : timer_a.o (.text:Timer_A_initCompare)
                  00003c1a    00000002     --HOLE-- [fill = 0]
                  00003c1c    0000004c                              : gpio.o (.text:GPIO_setAsInputPin)
                  00003c68    0000004c     rtsv7M4_T_le_v4SPD16_eabi.lib : fflush.c.obj (.text:__TI_doflush)
                  00003cb4    0000004c                                   : atoi.c.obj (.text:atoi)
                  00003d00    00000048     engr2350_msp432.obj (.text:dwrite)
                  00003d48    00000048     rtsv7M4_T_le_v4SPD16_eabi.lib : exit.c.obj (.text:exit)
                  00003d90    00000048                                   : fd_toi_t2.asm.obj (.text)
                  00003dd8    00000044                                   : hostclose.c.obj (.text:HOSTclose)
                  00003e1c    00000044                                   : hostunlink.c.obj (.text:HOSTunlink)
                  00003e60    00000044                                   : autoinit.c.obj (.text:__TI_auto_init_nobinit_nopinit:__TI_auto_init_nobinit_nopinit)
                  00003ea4    00000044                                   : getdevice.c.obj (.text:getdevice)
                  00003ee8    00000040     msp432p4xx_driverlib.lib : gpio.o (.text:GPIO_setAsOutputPin)
                  00003f28    0000003e     rtsv7M4_T_le_v4SPD16_eabi.lib : _printfi.c.obj (.text:_fcpy)
                  00003f66    00000002     --HOLE-- [fill = 0]
                  00003f68    00000038     msp432p4xx_driverlib.lib : timer_a.o (.text:Timer_A_getCaptureCompareEnabledInterruptStatus)
                  00003fa0    00000038     rtsv7M4_T_le_v4SPD16_eabi.lib : trgmsg.c.obj (.text:__TI_writemsg)
                  00003fd8    00000036                                   : strncpy.c.obj (.text:strncpy)
                  0000400e    00000002     --HOLE-- [fill = 0]
                  00004010    00000034     msp432p4xx_driverlib.lib : adc14.o (.text:ADC14_enableSampleTimer)
                  00004044    00000034                              : timer_a.o (.text:Timer_A_configureContinuousMode)
                  00004078    00000034     rtsv7M4_T_le_v4SPD16_eabi.lib : fopen.c.obj (.text:__TI_cleanup)
                  000040ac    00000034                                   : trgmsg.c.obj (.text:__TI_readmsg)
                  000040e0    00000034                                   : boot_cortex_m.c.obj (.text:_c_int00_noargs:_c_int00_noargs)
                  00004114    00000034                                   : fopen.c.obj (.text:freopen)
                  00004148    00000030     msp432p4xx_driverlib.lib : gpio.o (.text:GPIO_getInputPinValue)
                  00004178    00000030     rtsv7M4_T_le_v4SPD16_eabi.lib : getdevice.c.obj (.text:finddevice)
                  000041a8    0000002e                                   : i_tofd_t2.asm.obj (.text)
                  000041d6    00000002     --HOLE-- [fill = 0]
                  000041d8    0000002c     msp432p4xx_driverlib.lib : adc14.o (.text:ADC14_toggleConversionTrigger)
                  00004204    0000002c                              : timer_a.o (.text:Timer_A_clearCaptureCompareInterrupt)
                  00004230    0000002c     rtsv7M4_T_le_v4SPD16_eabi.lib : unlink.c.obj (.text:unlink)
                  0000425c    00000028     msp432p4xx_driverlib.lib : adc14.o (.text:ADC14_enableConversion)
                  00004284    00000028                              : gpio.o (.text:GPIO_setOutputHighOnPin)
                  000042ac    00000028                              : gpio.o (.text:GPIO_setOutputLowOnPin)
                  000042d4    00000028                              : timer_a.o (.text:Timer_A_getCaptureCompareInterruptStatus)
                  000042fc    00000028                              : timer_a.o (.text:Timer_A_setCompareValue)
                  00004324    00000028     rtsv7M4_T_le_v4SPD16_eabi.lib : memory.c.obj (.text:free_list_insert)
                  0000434c    00000028                                   : lseek.c.obj (.text:lseek)
                  00004374    00000028                                   : write.c.obj (.text:write)
                  0000439c    00000022     msp432p4xx_driverlib.lib : timer_a.o (.text:Timer_A_getCaptureCompareCount)
                  000043be    00000002     --HOLE-- [fill = 0]
                  000043c0    00000020                              : adc14.o (.text:ADC14_setResolution)
                  000043e0    00000020     rtsv7M4_T_le_v4SPD16_eabi.lib : memchr.c.obj (.text:memchr)
                  00004400    00000020                                   : u_tofd_t2.asm.obj (.text)
                  00004420    0000001c     engr2350_msp432.obj (.text:dclose)
                  0000443c    0000001c     rtsv7M4_T_le_v4SPD16_eabi.lib : copy_zero_init.c.obj (.text:decompress:ZI:__TI_zero_init_nomemset:__TI_zero_init_nomemset)
                  00004458    0000001c                                   : memory.c.obj (.text:free_list_remove)
                  00004474    0000001c                                   : memccpy.c.obj (.text:memccpy)
                  00004490    0000001a                                   : s_copysign.c.obj (.text:copysign)
                  000044aa    00000002     --HOLE-- [fill = 0]
                  000044ac    00000018     lab4-a.obj (.text:T1_100ms_ISR)
                  000044c4    00000018     msp432p4xx_driverlib.lib : timer_a.o (.text:Timer_A_getEnabledInterruptStatus)
                  000044dc    00000018     rtsv7M4_T_le_v4SPD16_eabi.lib : strcmp.c.obj (.text:strcmp)
                  000044f4    00000016     msp432p4xx_driverlib.lib : timer_a.o (.text:Timer_A_clearInterruptFlag)
                  0000450a    00000016                              : timer_a.o (.text:Timer_A_startCounter)
                  00004520    00000016     rtsv7M4_T_le_v4SPD16_eabi.lib : strchr.c.obj (.text:strchr)
                  00004536    00000014                                   : strcpy.c.obj (.text:strcpy)
                  0000454a    00000014                                   : strlen.c.obj (.text:strlen)
                  0000455e    00000012     msp432p4xx_driverlib.lib : timer_a.o (.text:Timer_A_getInterruptStatus)
                  00004570    00000012     engr2350_msp432.obj (.text:dlseek)
                  00004582    00000012     rtsv7M4_T_le_v4SPD16_eabi.lib : wcslen.c.obj (.text:wcslen)
                  00004594    00000010     msp432p4xx_driverlib.lib : adc14.o (.text:ADC14_isBusy)
                  000045a4    00000010                              : adc14.o (.text:ADCIsConversionRunning)
                  000045b4    00000010     engr2350_msp432.obj (.text:drename)
                  000045c4    0000000e     rtsv7M4_T_le_v4SPD16_eabi.lib : copy_decompress_none.c.obj (.text:decompress:none:__TI_decompress_none)
                  000045d2    0000000e     engr2350_msp432.obj (.text:dunlink)
                  000045e0    0000000c     msp432p4xx_driverlib.lib : adc14.o (.text:ADC14_enableModule)
                  000045ec    0000000c     startup_msp432p401r_ccs.obj (.text:Reset_Handler)
                  000045f8    00000008     engr2350_msp432.obj (.text:SysInit)
                  00004600    00000008     rtsv7M4_T_le_v4SPD16_eabi.lib : errno.c.obj (.text:__aeabi_errno_addr)
                  00004608    00000008                                   : memory.c.obj (.text:malloc)
                  00004610    00000004                                   : printf.c.obj (.text:_outc)
                  00004614    00000004                                   : printf.c.obj (.text:_outs)
                  00004618    00000004                                   : pre_init.c.obj (.text:_system_pre_init)
                  0000461c    00000004                                   : exit.c.obj (.text:abort:abort)

.const     0    00004620    000001e9     
                  00004620    00000101     rtsv7M4_T_le_v4SPD16_eabi.lib : ctype.c.obj (.const:.string:_ctypes_)
                  00004721    00000003     --HOLE-- [fill = 0]
                  00004724    00000080     msp432p4xx_driverlib.lib : adc14.o (.const:_ctlRegs)
                  000047a4    00000030                              : gpio.o (.const:GPIO_PORT_TO_BASE)
                  000047d4    00000028     engr2350_msp432.obj (.const:$P$T1$2)
                  000047fc    00000008     msp432p4xx_driverlib.lib : interrupt.o (.const:g_pulEnRegs)
                  00004804    00000005     engr2350_msp432.obj (.const:.string:$P$T0$1)

.cinit     0    00004810    000000c0     
                  00004810    00000086     (.cinit..data.load) [load image, compression = lzss]
                  00004896    00000002     --HOLE-- [fill = 0]
                  00004898    0000000c     (__TI_handler_table)
                  000048a4    00000004     --HOLE-- [fill = 0]
                  000048a8    00000008     (.cinit..bss.load) [load image, compression = zero_init]
                  000048b0    00000008     (.cinit..vtable.load) [load image, compression = zero_init]
                  000048b8    00000018     (__TI_cinit_table)

.init_array 
*          0    00000000    00000000     UNINITIALIZED

.binit     0    00000000    00000000     

.vtable    0    20000000    000000e8     UNINITIALIZED
                  20000000    000000e8     msp432p4xx_driverlib.lib : interrupt.o (.vtable)

.sysmem    0    200000e8    00000400     UNINITIALIZED
                  200000e8    00000010     rtsv7M4_T_le_v4SPD16_eabi.lib : memory.c.obj (.sysmem)
                  200000f8    000003f0     --HOLE--

.bss       0    200004e8    0000029c     UNINITIALIZED
                  200004e8    00000120     rtsv7M4_T_le_v4SPD16_eabi.lib : trgmsg.c.obj (.bss:_CIOBUF_)
                  20000608    000000a0     (.common:__TI_tmpnams)
                  200006a8    00000018     (.common:TA0cfg)
                  200006c0    00000018     (.common:TA1cfg)
                  200006d8    00000018     (.common:TA3_ccr0)
                  200006f0    00000018     (.common:TA3_ccr1)
                  20000708    00000010     (.common:TA0_ccr3)
                  20000718    00000010     (.common:TA0_ccr4)
                  20000728    00000010     (.common:TA3cfg)
                  20000738    00000008     (.common:parmbuf)
                  20000740    00000004     (.common:Tach_L)
                  20000744    00000004     (.common:Tach_L_avg)
                  20000748    00000004     (.common:Tach_L_count)
                  2000074c    00000004     (.common:Tach_L_sum)
                  20000750    00000004     (.common:Tach_L_sum_count)
                  20000754    00000004     (.common:Tach_R)
                  20000758    00000004     (.common:Tach_R_avg)
                  2000075c    00000004     (.common:Tach_R_count)
                  20000760    00000004     (.common:Tach_R_sum)
                  20000764    00000004     (.common:Tach_R_sum_count)
                  20000768    00000004     (.common:adc_out)
                  2000076c    00000004     (.common:desired_speed)
                  20000770    00000004     (.common:desired_speed_left)
                  20000774    00000004     (.common:desired_speed_right)
                  20000778    00000004     (.common:enc_total_L)
                  2000077c    00000004     (.common:enc_total_R)
                  20000780    00000002     (.common:speed_L)
                  20000782    00000002     (.common:speed_R)

.data      0    20000784    00000218     UNINITIALIZED
                  20000784    000000f0     rtsv7M4_T_le_v4SPD16_eabi.lib : defs.c.obj (.data:_ftable)
                  20000874    00000078                                   : host_device.c.obj (.data:_device)
                  200008ec    00000050                                   : host_device.c.obj (.data:_stream)
                  2000093c    00000028     lab4-a.obj (.data)
                  20000964    00000010     rtsv7M4_T_le_v4SPD16_eabi.lib : defs.c.obj (.data)
                  20000974    0000000c                                   : exit.c.obj (.data:$O1$$)
                  20000980    00000008                                   : _lock.c.obj (.data:$O1$$)
                  20000988    00000008                                   : memory.c.obj (.data:$O1$$)
                  20000990    00000004                                   : add_device.c.obj (.data)
                  20000994    00000004                                   : errno.c.obj (.data)
                  20000998    00000004                                   : open.c.obj (.data)

.stack     0    2000fc00    00000400     UNINITIALIZED
                  2000fc00    00000004     rtsv7M4_T_le_v4SPD16_eabi.lib : boot_cortex_m.c.obj (.stack)
                  2000fc04    000003fc     --HOLE--

__llvm_prf_cnts 
*          0    20000000    00000000     UNINITIALIZED

MODULE SUMMARY

       Module                        code    ro data   rw data
       ------                        ----    -------   -------
    .\
       lab4-a.obj                    2090    0         504    
    +--+-----------------------------+-------+---------+---------+
       Total:                        2090    0         504    
                                                              
    .\src\
       engr2350_msp432.obj           524     45        0      
       startup_msp432p401r_ccs.obj   14      228       0      
       system_msp432p401r.obj        152     0         0      
    +--+-----------------------------+-------+---------+---------+
       Total:                        690     273       0      
                                                              
    C:/ti/simplelink_msp432p4_sdk_3_40_01_02/source/ti/devices/msp432p4xx/driverlib/ccs/msp432p4xx_driverlib.lib
       adc14.o                       1180    128       0      
       timer_a.o                     1156    0         0      
       interrupt.o                   220     8         464    
       gpio.o                        628     48        0      
       uart.o                        284     0         0      
    +--+-----------------------------+-------+---------+---------+
       Total:                        3468    184       464    
                                                              
    C:\ti\ccs1110\ccs\tools\compiler\ti-cgt-arm_20.2.5.LTS\lib\rtsv7M4_T_le_v4SPD16_eabi.lib
       _printfi.c.obj                4851    0         0      
       defs.c.obj                    0       0         832    
       memory.c.obj                  672     0         16     
       trgmsg.c.obj                  108     0         576    
       fd_add_t2.asm.obj             438     0         0      
       host_device.c.obj             0       0         400    
       fopen.c.obj                   376     0         0      
       fd_div_t2.asm.obj             310     0         0      
       fputs.c.obj                   276     0         0      
       s_scalbn.c.obj                272     0         0      
       fd_cmp_t2.asm.obj             268     0         0      
       ctype.c.obj                   0       257       0      
       fd_mul_t2.asm.obj             252     0         0      
       setvbuf.c.obj                 220     0         0      
       open.c.obj                    188     0         8      
       add_device.c.obj              184     0         8      
       memcpy_t2.asm.obj             156     0         0      
       ull_div_t2.asm.obj            150     0         0      
       fputc.c.obj                   140     0         0      
       memset_t2.asm.obj             122     0         0      
       fclose.c.obj                  116     0         0      
       getdevice.c.obj               116     0         0      
       hostopen.c.obj                96      0         16     
       printf.c.obj                  112     0         0      
       hostrename.c.obj              108     0         0      
       copy_decompress_lzss.c.obj    104     0         0      
       hostlseek.c.obj               104     0         0      
       exit.c.obj                    76      0         24     
       fseek.c.obj                   100     0         0      
       s_frexp.c.obj                 100     0         0      
       _io_perm.c.obj                98      0         0      
       close.c.obj                   92      0         0      
       hostread.c.obj                88      0         0      
       hostwrite.c.obj               88      0         0      
       _ltoa.c.obj                   84      0         0      
       atoi.c.obj                    76      0         0      
       fflush.c.obj                  76      0         0      
       fd_toi_t2.asm.obj             72      0         0      
       autoinit.c.obj                68      0         0      
       hostclose.c.obj               68      0         0      
       hostunlink.c.obj              68      0         0      
       strncpy.c.obj                 54      0         0      
       boot_cortex_m.c.obj           52      0         0      
       i_tofd_t2.asm.obj             46      0         0      
       unlink.c.obj                  44      0         0      
       lseek.c.obj                   40      0         0      
       write.c.obj                   40      0         0      
       memchr.c.obj                  32      0         0      
       u_tofd_t2.asm.obj             32      0         0      
       copy_zero_init.c.obj          28      0         0      
       memccpy.c.obj                 28      0         0      
       s_copysign.c.obj              26      0         0      
       strcmp.c.obj                  24      0         0      
       strchr.c.obj                  22      0         0      
       strcpy.c.obj                  20      0         0      
       strlen.c.obj                  20      0         0      
       _lock.c.obj                   2       0         16     
       wcslen.c.obj                  18      0         0      
       errno.c.obj                   8       0         8      
       copy_decompress_none.c.obj    14      0         0      
       pre_init.c.obj                4       0         0      
       div0.asm.obj                  2       0         0      
    +--+-----------------------------+-------+---------+---------+
       Total:                        11449   257       1904   
                                                              
       Heap:                         0       0         2048   
       Stack:                        0       0         2048   
       Linker Generated:             0       186       0      
    +--+-----------------------------+-------+---------+---------+
       Grand Total:                  17697   900       6968   


LINKER GENERATED COPY TABLES

__TI_cinit_table @ 000048b8 records: 3, size/record: 8, table size: 24
	.data: load addr=00004810, load size=00000086 bytes, run addr=20000784, run size=00000218 bytes, compression=lzss
	.bss: load addr=000048a8, load size=00000008 bytes, run addr=200004e8, run size=0000029c bytes, compression=zero_init
	.vtable: load addr=000048b0, load size=00000008 bytes, run addr=20000000, run size=000000e8 bytes, compression=zero_init


LINKER GENERATED HANDLER TABLE

__TI_handler_table @ 00004898 records: 3, size/record: 4, table size: 12
	index: 0, handler: __TI_zero_init
	index: 1, handler: __TI_decompress_lzss
	index: 2, handler: __TI_decompress_none


GLOBAL SYMBOLS: SORTED ALPHABETICALLY BY Name 

address   name                                           
-------   ----                                           
00000b33  ADC14_IRQHandler                               
00002919  ADC14_configureConversionMemory                
000029cd  ADC14_configureMultiSequenceMode               
000037c9  ADC14_configureSingleSampleMode                
0000425d  ADC14_enableConversion                         
000045e1  ADC14_enableModule                             
00004011  ADC14_enableSampleTimer                        
000039d9  ADC14_getMultiSequenceResult                   
00003a2d  ADC14_initModule                               
00004595  ADC14_isBusy                                   
000043c1  ADC14_setResolution                            
000041d9  ADC14_toggleConversionTrigger                  
00003b29  ADCInit                                        
00000b33  AES256_IRQHandler                              
00000b33  BusFault_Handler                               
0000461d  C$$EXIT                                        
00003fcf  C$$IO$$                                        
00000b33  COMP_E0_IRQHandler                             
00000b33  COMP_E1_IRQHandler                             
00000b33  CS_IRQHandler                                  
00000b33  DMA_ERR_IRQHandler                             
00000b33  DMA_INT0_IRQHandler                            
00000b33  DMA_INT1_IRQHandler                            
00000b33  DMA_INT2_IRQHandler                            
00000b33  DMA_INT3_IRQHandler                            
00000b33  DebugMon_Handler                               
00000b33  Default_Handler                                
00000b33  EUSCIA0_IRQHandler                             
00000b33  EUSCIA1_IRQHandler                             
00000b33  EUSCIA2_IRQHandler                             
00000b33  EUSCIA3_IRQHandler                             
00000b33  EUSCIB0_IRQHandler                             
00000b33  EUSCIB1_IRQHandler                             
00000b33  EUSCIB2_IRQHandler                             
00000b33  EUSCIB3_IRQHandler                             
00001105  Encoder_ISR                                    
00000b33  FLCTL_IRQHandler                               
00000b33  FPU_IRQHandler                                 
00003521  GPIOInit                                       
00004149  GPIO_getInputPinValue                          
00003c1d  GPIO_setAsInputPin                             
00003821  GPIO_setAsInputPinWithPullUpResistor           
00003ee9  GPIO_setAsOutputPin                            
00002e29  GPIO_setAsPeripheralModuleFunctionInputPin     
00002eb1  GPIO_setAsPeripheralModuleFunctionOutputPin    
00004285  GPIO_setOutputHighOnPin                        
000042ad  GPIO_setOutputLowOnPin                         
00003dd9  HOSTclose                                      
00003381  HOSTlseek                                      
000036b1  HOSTopen                                       
00003879  HOSTread                                       
00003315  HOSTrename                                     
00003e1d  HOSTunlink                                     
000038d1  HOSTwrite                                      
00000b33  HardFault_Handler                              
00003045  Interrupt_enableInterrupt                      
00003711  Interrupt_registerInterrupt                    
00000b33  MemManage_Handler                              
00000b33  NMI_Handler                                    
00000b33  PCM_IRQHandler                                 
00000b33  PORT1_IRQHandler                               
00000b33  PORT2_IRQHandler                               
00000b33  PORT3_IRQHandler                               
00000b33  PORT4_IRQHandler                               
00000b33  PORT5_IRQHandler                               
00000b33  PORT6_IRQHandler                               
00000b33  PSS_IRQHandler                                 
00000b33  PendSV_Handler                                 
00000b33  RTC_C_IRQHandler                               
000045ed  Reset_Handler                                  
00000b33  SVC_Handler                                    
000045f9  SysInit                                        
00000b33  SysTick_Handler                                
00002c6d  SystemInit                                     
000044ad  T1_100ms_ISR                                   
00000b33  T32_INT1_IRQHandler                            
00000b33  T32_INT2_IRQHandler                            
00000b33  T32_INTC_IRQHandler                            
00000b33  TA0_0_IRQHandler                               
00000b33  TA0_N_IRQHandler                               
20000708  TA0_ccr3                                       
20000718  TA0_ccr4                                       
200006a8  TA0cfg                                         
00000b33  TA1_0_IRQHandler                               
00000b33  TA1_N_IRQHandler                               
200006c0  TA1cfg                                         
00000b33  TA2_0_IRQHandler                               
00000b33  TA2_N_IRQHandler                               
00000b33  TA3_0_IRQHandler                               
00000b33  TA3_N_IRQHandler                               
200006d8  TA3_ccr0                                       
200006f0  TA3_ccr1                                       
20000728  TA3cfg                                         
20000740  Tach_L                                         
20000744  Tach_L_avg                                     
20000748  Tach_L_count                                   
2000074c  Tach_L_sum                                     
20000750  Tach_L_sum_count                               
20000754  Tach_R                                         
20000758  Tach_R_avg                                     
2000075c  Tach_R_count                                   
20000760  Tach_R_sum                                     
20000764  Tach_R_sum_count                               
000016dd  TimerInit                                      
00004205  Timer_A_clearCaptureCompareInterrupt           
000044f5  Timer_A_clearInterruptFlag                     
00004045  Timer_A_configureContinuousMode                
000033e9  Timer_A_configureUpMode                        
0000439d  Timer_A_getCaptureCompareCount                 
00003f69  Timer_A_getCaptureCompareEnabledInterruptStatus
000042d5  Timer_A_getCaptureCompareInterruptStatus       
000044c5  Timer_A_getEnabledInterruptStatus              
0000455f  Timer_A_getInterruptStatus                     
00003929  Timer_A_initCapture                            
00003bcd  Timer_A_initCompare                            
000026d1  Timer_A_registerInterrupt                      
000042fd  Timer_A_setCompareValue                        
0000450b  Timer_A_startCounter                           
00001ec5  UART_initModule                                
00000b33  UsageFault_Handler                             
4000480c  WDTCTL_SYM                                     
00000b33  WDT_A_IRQHandler                               
200004e8  __CIOBUF_                                      
20010000  __STACK_END                                    
00000400  __STACK_SIZE                                   
00000400  __SYSMEM_SIZE                                  
000048b8  __TI_CINIT_Base                                
000048d0  __TI_CINIT_Limit                               
00004898  __TI_Handler_Table_Base                        
000048a4  __TI_Handler_Table_Limit                       
00003e61  __TI_auto_init_nobinit_nopinit                 
00004079  __TI_cleanup                                   
20000974  __TI_cleanup_ptr                               
000031c1  __TI_closefile                                 
00003451  __TI_decompress_lzss                           
000045c5  __TI_decompress_none                           
00003c69  __TI_doflush                                   
20000978  __TI_dtors_ptr                                 
2000097c  __TI_enable_exit_profile_output                
20000964  __TI_ft_end                                    
00003a81  __TI_ltoa                                      
ffffffff  __TI_pprof_out_hndl                            
000000e5  __TI_printfi                                   
ffffffff  __TI_prof_data_size                            
ffffffff  __TI_prof_data_start                           
000040ad  __TI_readmsg                                   
00000000  __TI_static_base__                             
20000608  __TI_tmpnams                                   
00003fa1  __TI_writemsg                                  
0000364d  __TI_wrt_ok                                    
0000443d  __TI_zero_init_nomemset                        
00002f39  __aeabi_cdcmpeq                                
00002f39  __aeabi_cdcmple                                
00002fbf  __aeabi_cdrcmple                               
00003d91  __aeabi_d2iz                                   
0000152f  __aeabi_dadd                                   
00001c69  __aeabi_ddiv                                   
00002415  __aeabi_dmul                                   
00001525  __aeabi_dsub                                   
00004601  __aeabi_errno_addr                             
000041a9  __aeabi_i2d                                    
00001d9f  __aeabi_idiv0                                  
00001d9f  __aeabi_ldiv0                                  
00003145  __aeabi_memclr                                 
00003145  __aeabi_memclr4                                
00003145  __aeabi_memclr8                                
00002bd1  __aeabi_memcpy                                 
00002bd1  __aeabi_memcpy4                                
00002bd1  __aeabi_memcpy8                                
00003147  __aeabi_memset                                 
00003147  __aeabi_memset4                                
00003147  __aeabi_memset8                                
20000970  __aeabi_stderr                                 
20000968  __aeabi_stdin                                  
2000096c  __aeabi_stdout                                 
00004401  __aeabi_ui2d                                   
00002d05  __aeabi_uldivmod                               
ffffffff  __binit__                                      
ffffffff  __c_args__                                     
UNDEFED   __mpu_init                                     
2000fc00  __stack                                        
20000000  __start___llvm_prf_cnts                        
20000000  __stop___llvm_prf_cnts                         
000040e1  _c_int00_noargs                                
00004620  _ctypes_                                       
20000874  _device                                        
20000784  _ftable                                        
20000980  _lock                                          
000016db  _nop                                           
200008ec  _stream                                        
200000e8  _sys_memory                                    
UNDEFED   _system_post_cinit                             
00004619  _system_pre_init                               
20000984  _unlock                                        
0000461d  abort                                          
20000768  adc_out                                        
00002861  add_device                                     
00002315  aligned_alloc                                  
00003cb5  atoi                                           
ffffffff  binit                                          
0000376d  close                                          
00004491  copysign                                       
00004491  copysignl                                      
00004421  dclose                                         
2000076c  desired_speed                                  
20000770  desired_speed_left                             
20000774  desired_speed_right                            
00004571  dlseek                                         
000030c5  dopen                                          
00003ad5  dread                                          
000045b5  drename                                        
000045d3  dunlink                                        
2000095c  dw                                             
00003d01  dwrite                                         
20000778  enc_total_L                                    
2000077c  enc_total_R                                    
20000994  errno                                          
00003d49  exit                                           
00004179  finddevice                                     
00002d9d  fputc                                          
00001fe1  fputs                                          
00002511  free                                           
00004115  freopen                                        
00003585  frexp                                          
00003585  frexpl                                         
000035e9  fseek                                          
20000000  g_pfnRAMVectors                                
00003ea5  getdevice                                      
00002b35  init_std_uart                                  
00000000  interruptVectors                               
20000960  ki                                             
00002205  ldexp                                          
00002205  ldexpl                                         
20000948  left_error_sum                                 
0000434d  lseek                                          
00000b35  main                                           
00004609  malloc                                         
00002315  memalign                                       
00004475  memccpy                                        
000043e1  memchr                                         
00002bd1  memcpy                                         
0000314d  memset                                         
000027a5  open                                           
20000738  parmbuf                                        
000034b9  printf                                         
00002d9d  putc                                           
20000942  pwm_left_set                                   
2000093e  pwm_max                                        
20000940  pwm_min                                        
20000944  pwm_right_set                                  
20000958  raduis                                         
00004231  remove                                         
2000094c  right_error_sum                                
2000093c  run_control                                    
00002205  scalbn                                         
00002205  scalbnl                                        
000025f5  setvbuf                                        
20000780  speed_L                                        
20000782  speed_R                                        
20000954  speed_diff                                     
00004521  strchr                                         
000044dd  strcmp                                         
00004537  strcpy                                         
0000454b  strlen                                         
00003fd9  strncpy                                        
20000950  turn                                           
00004231  unlink                                         
00004583  wcslen                                         
00004375  write                                          


GLOBAL SYMBOLS: SORTED BY Symbol Address 

address   name                                           
-------   ----                                           
00000000  __TI_static_base__                             
00000000  interruptVectors                               
000000e5  __TI_printfi                                   
00000400  __STACK_SIZE                                   
00000400  __SYSMEM_SIZE                                  
00000b33  ADC14_IRQHandler                               
00000b33  AES256_IRQHandler                              
00000b33  BusFault_Handler                               
00000b33  COMP_E0_IRQHandler                             
00000b33  COMP_E1_IRQHandler                             
00000b33  CS_IRQHandler                                  
00000b33  DMA_ERR_IRQHandler                             
00000b33  DMA_INT0_IRQHandler                            
00000b33  DMA_INT1_IRQHandler                            
00000b33  DMA_INT2_IRQHandler                            
00000b33  DMA_INT3_IRQHandler                            
00000b33  DebugMon_Handler                               
00000b33  Default_Handler                                
00000b33  EUSCIA0_IRQHandler                             
00000b33  EUSCIA1_IRQHandler                             
00000b33  EUSCIA2_IRQHandler                             
00000b33  EUSCIA3_IRQHandler                             
00000b33  EUSCIB0_IRQHandler                             
00000b33  EUSCIB1_IRQHandler                             
00000b33  EUSCIB2_IRQHandler                             
00000b33  EUSCIB3_IRQHandler                             
00000b33  FLCTL_IRQHandler                               
00000b33  FPU_IRQHandler                                 
00000b33  HardFault_Handler                              
00000b33  MemManage_Handler                              
00000b33  NMI_Handler                                    
00000b33  PCM_IRQHandler                                 
00000b33  PORT1_IRQHandler                               
00000b33  PORT2_IRQHandler                               
00000b33  PORT3_IRQHandler                               
00000b33  PORT4_IRQHandler                               
00000b33  PORT5_IRQHandler                               
00000b33  PORT6_IRQHandler                               
00000b33  PSS_IRQHandler                                 
00000b33  PendSV_Handler                                 
00000b33  RTC_C_IRQHandler                               
00000b33  SVC_Handler                                    
00000b33  SysTick_Handler                                
00000b33  T32_INT1_IRQHandler                            
00000b33  T32_INT2_IRQHandler                            
00000b33  T32_INTC_IRQHandler                            
00000b33  TA0_0_IRQHandler                               
00000b33  TA0_N_IRQHandler                               
00000b33  TA1_0_IRQHandler                               
00000b33  TA1_N_IRQHandler                               
00000b33  TA2_0_IRQHandler                               
00000b33  TA2_N_IRQHandler                               
00000b33  TA3_0_IRQHandler                               
00000b33  TA3_N_IRQHandler                               
00000b33  UsageFault_Handler                             
00000b33  WDT_A_IRQHandler                               
00000b35  main                                           
00001105  Encoder_ISR                                    
00001525  __aeabi_dsub                                   
0000152f  __aeabi_dadd                                   
000016db  _nop                                           
000016dd  TimerInit                                      
00001c69  __aeabi_ddiv                                   
00001d9f  __aeabi_idiv0                                  
00001d9f  __aeabi_ldiv0                                  
00001ec5  UART_initModule                                
00001fe1  fputs                                          
00002205  ldexp                                          
00002205  ldexpl                                         
00002205  scalbn                                         
00002205  scalbnl                                        
00002315  aligned_alloc                                  
00002315  memalign                                       
00002415  __aeabi_dmul                                   
00002511  free                                           
000025f5  setvbuf                                        
000026d1  Timer_A_registerInterrupt                      
000027a5  open                                           
00002861  add_device                                     
00002919  ADC14_configureConversionMemory                
000029cd  ADC14_configureMultiSequenceMode               
00002b35  init_std_uart                                  
00002bd1  __aeabi_memcpy                                 
00002bd1  __aeabi_memcpy4                                
00002bd1  __aeabi_memcpy8                                
00002bd1  memcpy                                         
00002c6d  SystemInit                                     
00002d05  __aeabi_uldivmod                               
00002d9d  fputc                                          
00002d9d  putc                                           
00002e29  GPIO_setAsPeripheralModuleFunctionInputPin     
00002eb1  GPIO_setAsPeripheralModuleFunctionOutputPin    
00002f39  __aeabi_cdcmpeq                                
00002f39  __aeabi_cdcmple                                
00002fbf  __aeabi_cdrcmple                               
00003045  Interrupt_enableInterrupt                      
000030c5  dopen                                          
00003145  __aeabi_memclr                                 
00003145  __aeabi_memclr4                                
00003145  __aeabi_memclr8                                
00003147  __aeabi_memset                                 
00003147  __aeabi_memset4                                
00003147  __aeabi_memset8                                
0000314d  memset                                         
000031c1  __TI_closefile                                 
00003315  HOSTrename                                     
00003381  HOSTlseek                                      
000033e9  Timer_A_configureUpMode                        
00003451  __TI_decompress_lzss                           
000034b9  printf                                         
00003521  GPIOInit                                       
00003585  frexp                                          
00003585  frexpl                                         
000035e9  fseek                                          
0000364d  __TI_wrt_ok                                    
000036b1  HOSTopen                                       
00003711  Interrupt_registerInterrupt                    
0000376d  close                                          
000037c9  ADC14_configureSingleSampleMode                
00003821  GPIO_setAsInputPinWithPullUpResistor           
00003879  HOSTread                                       
000038d1  HOSTwrite                                      
00003929  Timer_A_initCapture                            
000039d9  ADC14_getMultiSequenceResult                   
00003a2d  ADC14_initModule                               
00003a81  __TI_ltoa                                      
00003ad5  dread                                          
00003b29  ADCInit                                        
00003bcd  Timer_A_initCompare                            
00003c1d  GPIO_setAsInputPin                             
00003c69  __TI_doflush                                   
00003cb5  atoi                                           
00003d01  dwrite                                         
00003d49  exit                                           
00003d91  __aeabi_d2iz                                   
00003dd9  HOSTclose                                      
00003e1d  HOSTunlink                                     
00003e61  __TI_auto_init_nobinit_nopinit                 
00003ea5  getdevice                                      
00003ee9  GPIO_setAsOutputPin                            
00003f69  Timer_A_getCaptureCompareEnabledInterruptStatus
00003fa1  __TI_writemsg                                  
00003fcf  C$$IO$$                                        
00003fd9  strncpy                                        
00004011  ADC14_enableSampleTimer                        
00004045  Timer_A_configureContinuousMode                
00004079  __TI_cleanup                                   
000040ad  __TI_readmsg                                   
000040e1  _c_int00_noargs                                
00004115  freopen                                        
00004149  GPIO_getInputPinValue                          
00004179  finddevice                                     
000041a9  __aeabi_i2d                                    
000041d9  ADC14_toggleConversionTrigger                  
00004205  Timer_A_clearCaptureCompareInterrupt           
00004231  remove                                         
00004231  unlink                                         
0000425d  ADC14_enableConversion                         
00004285  GPIO_setOutputHighOnPin                        
000042ad  GPIO_setOutputLowOnPin                         
000042d5  Timer_A_getCaptureCompareInterruptStatus       
000042fd  Timer_A_setCompareValue                        
0000434d  lseek                                          
00004375  write                                          
0000439d  Timer_A_getCaptureCompareCount                 
000043c1  ADC14_setResolution                            
000043e1  memchr                                         
00004401  __aeabi_ui2d                                   
00004421  dclose                                         
0000443d  __TI_zero_init_nomemset                        
00004475  memccpy                                        
00004491  copysign                                       
00004491  copysignl                                      
000044ad  T1_100ms_ISR                                   
000044c5  Timer_A_getEnabledInterruptStatus              
000044dd  strcmp                                         
000044f5  Timer_A_clearInterruptFlag                     
0000450b  Timer_A_startCounter                           
00004521  strchr                                         
00004537  strcpy                                         
0000454b  strlen                                         
0000455f  Timer_A_getInterruptStatus                     
00004571  dlseek                                         
00004583  wcslen                                         
00004595  ADC14_isBusy                                   
000045b5  drename                                        
000045c5  __TI_decompress_none                           
000045d3  dunlink                                        
000045e1  ADC14_enableModule                             
000045ed  Reset_Handler                                  
000045f9  SysInit                                        
00004601  __aeabi_errno_addr                             
00004609  malloc                                         
00004619  _system_pre_init                               
0000461d  C$$EXIT                                        
0000461d  abort                                          
00004620  _ctypes_                                       
00004898  __TI_Handler_Table_Base                        
000048a4  __TI_Handler_Table_Limit                       
000048b8  __TI_CINIT_Base                                
000048d0  __TI_CINIT_Limit                               
20000000  __start___llvm_prf_cnts                        
20000000  __stop___llvm_prf_cnts                         
20000000  g_pfnRAMVectors                                
200000e8  _sys_memory                                    
200004e8  __CIOBUF_                                      
20000608  __TI_tmpnams                                   
200006a8  TA0cfg                                         
200006c0  TA1cfg                                         
200006d8  TA3_ccr0                                       
200006f0  TA3_ccr1                                       
20000708  TA0_ccr3                                       
20000718  TA0_ccr4                                       
20000728  TA3cfg                                         
20000738  parmbuf                                        
20000740  Tach_L                                         
20000744  Tach_L_avg                                     
20000748  Tach_L_count                                   
2000074c  Tach_L_sum                                     
20000750  Tach_L_sum_count                               
20000754  Tach_R                                         
20000758  Tach_R_avg                                     
2000075c  Tach_R_count                                   
20000760  Tach_R_sum                                     
20000764  Tach_R_sum_count                               
20000768  adc_out                                        
2000076c  desired_speed                                  
20000770  desired_speed_left                             
20000774  desired_speed_right                            
20000778  enc_total_L                                    
2000077c  enc_total_R                                    
20000780  speed_L                                        
20000782  speed_R                                        
20000784  _ftable                                        
20000874  _device                                        
200008ec  _stream                                        
2000093c  run_control                                    
2000093e  pwm_max                                        
20000940  pwm_min                                        
20000942  pwm_left_set                                   
20000944  pwm_right_set                                  
20000948  left_error_sum                                 
2000094c  right_error_sum                                
20000950  turn                                           
20000954  speed_diff                                     
20000958  raduis                                         
2000095c  dw                                             
20000960  ki                                             
20000964  __TI_ft_end                                    
20000968  __aeabi_stdin                                  
2000096c  __aeabi_stdout                                 
20000970  __aeabi_stderr                                 
20000974  __TI_cleanup_ptr                               
20000978  __TI_dtors_ptr                                 
2000097c  __TI_enable_exit_profile_output                
20000980  _lock                                          
20000984  _unlock                                        
20000994  errno                                          
2000fc00  __stack                                        
20010000  __STACK_END                                    
4000480c  WDTCTL_SYM                                     
ffffffff  __TI_pprof_out_hndl                            
ffffffff  __TI_prof_data_size                            
ffffffff  __TI_prof_data_start                           
ffffffff  __binit__                                      
ffffffff  __c_args__                                     
ffffffff  binit                                          
UNDEFED   __mpu_init                                     
UNDEFED   _system_post_cinit                             

[269 symbols]
