<?xml version="1.0" encoding="ISO-8859-1" ?>
<link_info>
   <banner>TI ARM Linker PC v20.2.5.LTS</banner>
   <copyright>Copyright (c) 1996-2018 Texas Instruments Incorporated</copyright>
   <link_time>0x625d98cb</link_time>
   <link_errors>0x0</link_errors>
   <output_file>lab4_template.out</output_file>
   <entry_point>
      <name>_c_int00_noargs</name>
      <address>0x40e1</address>
   </entry_point>
   <input_file_list>
      <input_file id="fl-2">
         <path>.\</path>
         <kind>object</kind>
         <file>lab4-a.obj</file>
         <name>lab4-a.obj</name>
      </input_file>
      <input_file id="fl-3">
         <path>.\src\</path>
         <kind>object</kind>
         <file>engr2350_msp432.obj</file>
         <name>engr2350_msp432.obj</name>
      </input_file>
      <input_file id="fl-4">
         <path>.\src\</path>
         <kind>object</kind>
         <file>startup_msp432p401r_ccs.obj</file>
         <name>startup_msp432p401r_ccs.obj</name>
      </input_file>
      <input_file id="fl-5">
         <path>.\src\</path>
         <kind>object</kind>
         <file>system_msp432p401r.obj</file>
         <name>system_msp432p401r.obj</name>
      </input_file>
      <input_file id="fl-f">
         <kind>object</kind>
         <file>&lt;internal&gt;</file>
         <name>&lt;internal&gt;</name>
      </input_file>
      <input_file id="fl-10">
         <path>C:\ti\simplelink_msp432p4_sdk_3_40_01_02\source\ti\devices\msp432p4xx\driverlib\ccs\</path>
         <kind>archive</kind>
         <file>msp432p4xx_driverlib.lib</file>
         <name>adc14.o</name>
      </input_file>
      <input_file id="fl-11">
         <path>C:\ti\simplelink_msp432p4_sdk_3_40_01_02\source\ti\devices\msp432p4xx\driverlib\ccs\</path>
         <kind>archive</kind>
         <file>msp432p4xx_driverlib.lib</file>
         <name>gpio.o</name>
      </input_file>
      <input_file id="fl-12">
         <path>C:\ti\simplelink_msp432p4_sdk_3_40_01_02\source\ti\devices\msp432p4xx\driverlib\ccs\</path>
         <kind>archive</kind>
         <file>msp432p4xx_driverlib.lib</file>
         <name>interrupt.o</name>
      </input_file>
      <input_file id="fl-13">
         <path>C:\ti\simplelink_msp432p4_sdk_3_40_01_02\source\ti\devices\msp432p4xx\driverlib\ccs\</path>
         <kind>archive</kind>
         <file>msp432p4xx_driverlib.lib</file>
         <name>timer_a.o</name>
      </input_file>
      <input_file id="fl-14">
         <path>C:\ti\simplelink_msp432p4_sdk_3_40_01_02\source\ti\devices\msp432p4xx\driverlib\ccs\</path>
         <kind>archive</kind>
         <file>msp432p4xx_driverlib.lib</file>
         <name>uart.o</name>
      </input_file>
      <input_file id="fl-15">
         <path>C:\ti\simplelink_msp432p4_sdk_3_40_01_02\source\ti\devices\msp432p4xx\driverlib\ccs\</path>
         <kind>archive</kind>
         <file>msp432p4xx_driverlib.lib</file>
         <name>cpu.o</name>
      </input_file>
      <input_file id="fl-cb">
         <path>C:\ti\ccs1110\ccs\tools\compiler\ti-cgt-arm_20.2.5.LTS\lib\</path>
         <kind>archive</kind>
         <file>rtsv7M4_T_le_v4SPD16_eabi.lib</file>
         <name>printf.c.obj</name>
      </input_file>
      <input_file id="fl-cc">
         <path>C:\ti\ccs1110\ccs\tools\compiler\ti-cgt-arm_20.2.5.LTS\lib\</path>
         <kind>archive</kind>
         <file>rtsv7M4_T_le_v4SPD16_eabi.lib</file>
         <name>_printfi.c.obj</name>
      </input_file>
      <input_file id="fl-cd">
         <path>C:\ti\ccs1110\ccs\tools\compiler\ti-cgt-arm_20.2.5.LTS\lib\</path>
         <kind>archive</kind>
         <file>rtsv7M4_T_le_v4SPD16_eabi.lib</file>
         <name>fopen.c.obj</name>
      </input_file>
      <input_file id="fl-ce">
         <path>C:\ti\ccs1110\ccs\tools\compiler\ti-cgt-arm_20.2.5.LTS\lib\</path>
         <kind>archive</kind>
         <file>rtsv7M4_T_le_v4SPD16_eabi.lib</file>
         <name>fputc.c.obj</name>
      </input_file>
      <input_file id="fl-cf">
         <path>C:\ti\ccs1110\ccs\tools\compiler\ti-cgt-arm_20.2.5.LTS\lib\</path>
         <kind>archive</kind>
         <file>rtsv7M4_T_le_v4SPD16_eabi.lib</file>
         <name>fputs.c.obj</name>
      </input_file>
      <input_file id="fl-d0">
         <path>C:\ti\ccs1110\ccs\tools\compiler\ti-cgt-arm_20.2.5.LTS\lib\</path>
         <kind>archive</kind>
         <file>rtsv7M4_T_le_v4SPD16_eabi.lib</file>
         <name>_io_perm.c.obj</name>
      </input_file>
      <input_file id="fl-d1">
         <path>C:\ti\ccs1110\ccs\tools\compiler\ti-cgt-arm_20.2.5.LTS\lib\</path>
         <kind>archive</kind>
         <file>rtsv7M4_T_le_v4SPD16_eabi.lib</file>
         <name>setvbuf.c.obj</name>
      </input_file>
      <input_file id="fl-d2">
         <path>C:\ti\ccs1110\ccs\tools\compiler\ti-cgt-arm_20.2.5.LTS\lib\</path>
         <kind>archive</kind>
         <file>rtsv7M4_T_le_v4SPD16_eabi.lib</file>
         <name>s_frexp.c.obj</name>
      </input_file>
      <input_file id="fl-d3">
         <path>C:\ti\ccs1110\ccs\tools\compiler\ti-cgt-arm_20.2.5.LTS\lib\</path>
         <kind>archive</kind>
         <file>rtsv7M4_T_le_v4SPD16_eabi.lib</file>
         <name>s_scalbn.c.obj</name>
      </input_file>
      <input_file id="fl-d4">
         <path>C:\ti\ccs1110\ccs\tools\compiler\ti-cgt-arm_20.2.5.LTS\lib\</path>
         <kind>archive</kind>
         <file>rtsv7M4_T_le_v4SPD16_eabi.lib</file>
         <name>wcslen.c.obj</name>
      </input_file>
      <input_file id="fl-d5">
         <path>C:\ti\ccs1110\ccs\tools\compiler\ti-cgt-arm_20.2.5.LTS\lib\</path>
         <kind>archive</kind>
         <file>rtsv7M4_T_le_v4SPD16_eabi.lib</file>
         <name>fd_add_t2.asm.obj</name>
      </input_file>
      <input_file id="fl-d6">
         <path>C:\ti\ccs1110\ccs\tools\compiler\ti-cgt-arm_20.2.5.LTS\lib\</path>
         <kind>archive</kind>
         <file>rtsv7M4_T_le_v4SPD16_eabi.lib</file>
         <name>fd_cmp_t2.asm.obj</name>
      </input_file>
      <input_file id="fl-d7">
         <path>C:\ti\ccs1110\ccs\tools\compiler\ti-cgt-arm_20.2.5.LTS\lib\</path>
         <kind>archive</kind>
         <file>rtsv7M4_T_le_v4SPD16_eabi.lib</file>
         <name>fd_div_t2.asm.obj</name>
      </input_file>
      <input_file id="fl-d8">
         <path>C:\ti\ccs1110\ccs\tools\compiler\ti-cgt-arm_20.2.5.LTS\lib\</path>
         <kind>archive</kind>
         <file>rtsv7M4_T_le_v4SPD16_eabi.lib</file>
         <name>fd_mul_t2.asm.obj</name>
      </input_file>
      <input_file id="fl-d9">
         <path>C:\ti\ccs1110\ccs\tools\compiler\ti-cgt-arm_20.2.5.LTS\lib\</path>
         <kind>archive</kind>
         <file>rtsv7M4_T_le_v4SPD16_eabi.lib</file>
         <name>fd_toi_t2.asm.obj</name>
      </input_file>
      <input_file id="fl-da">
         <path>C:\ti\ccs1110\ccs\tools\compiler\ti-cgt-arm_20.2.5.LTS\lib\</path>
         <kind>archive</kind>
         <file>rtsv7M4_T_le_v4SPD16_eabi.lib</file>
         <name>i_tofd_t2.asm.obj</name>
      </input_file>
      <input_file id="fl-db">
         <path>C:\ti\ccs1110\ccs\tools\compiler\ti-cgt-arm_20.2.5.LTS\lib\</path>
         <kind>archive</kind>
         <file>rtsv7M4_T_le_v4SPD16_eabi.lib</file>
         <name>memcpy_t2.asm.obj</name>
      </input_file>
      <input_file id="fl-dc">
         <path>C:\ti\ccs1110\ccs\tools\compiler\ti-cgt-arm_20.2.5.LTS\lib\</path>
         <kind>archive</kind>
         <file>rtsv7M4_T_le_v4SPD16_eabi.lib</file>
         <name>u_tofd_t2.asm.obj</name>
      </input_file>
      <input_file id="fl-dd">
         <path>C:\ti\ccs1110\ccs\tools\compiler\ti-cgt-arm_20.2.5.LTS\lib\</path>
         <kind>archive</kind>
         <file>rtsv7M4_T_le_v4SPD16_eabi.lib</file>
         <name>ull_div_t2.asm.obj</name>
      </input_file>
      <input_file id="fl-de">
         <path>C:\ti\ccs1110\ccs\tools\compiler\ti-cgt-arm_20.2.5.LTS\lib\</path>
         <kind>archive</kind>
         <file>rtsv7M4_T_le_v4SPD16_eabi.lib</file>
         <name>memset_t2.asm.obj</name>
      </input_file>
      <input_file id="fl-df">
         <path>C:\ti\ccs1110\ccs\tools\compiler\ti-cgt-arm_20.2.5.LTS\lib\</path>
         <kind>archive</kind>
         <file>rtsv7M4_T_le_v4SPD16_eabi.lib</file>
         <name>copy_zero_init.c.obj</name>
      </input_file>
      <input_file id="fl-e0">
         <path>C:\ti\ccs1110\ccs\tools\compiler\ti-cgt-arm_20.2.5.LTS\lib\</path>
         <kind>archive</kind>
         <file>rtsv7M4_T_le_v4SPD16_eabi.lib</file>
         <name>copy_decompress_none.c.obj</name>
      </input_file>
      <input_file id="fl-e1">
         <path>C:\ti\ccs1110\ccs\tools\compiler\ti-cgt-arm_20.2.5.LTS\lib\</path>
         <kind>archive</kind>
         <file>rtsv7M4_T_le_v4SPD16_eabi.lib</file>
         <name>copy_decompress_lzss.c.obj</name>
      </input_file>
      <input_file id="fl-e2">
         <path>C:\ti\ccs1110\ccs\tools\compiler\ti-cgt-arm_20.2.5.LTS\lib\</path>
         <kind>archive</kind>
         <file>rtsv7M4_T_le_v4SPD16_eabi.lib</file>
         <name>exit.c.obj</name>
      </input_file>
      <input_file id="fl-e3">
         <path>C:\ti\ccs1110\ccs\tools\compiler\ti-cgt-arm_20.2.5.LTS\lib\</path>
         <kind>archive</kind>
         <file>rtsv7M4_T_le_v4SPD16_eabi.lib</file>
         <name>_lock.c.obj</name>
      </input_file>
      <input_file id="fl-e4">
         <path>C:\ti\ccs1110\ccs\tools\compiler\ti-cgt-arm_20.2.5.LTS\lib\</path>
         <kind>archive</kind>
         <file>rtsv7M4_T_le_v4SPD16_eabi.lib</file>
         <name>_ltoa.c.obj</name>
      </input_file>
      <input_file id="fl-e5">
         <path>C:\ti\ccs1110\ccs\tools\compiler\ti-cgt-arm_20.2.5.LTS\lib\</path>
         <kind>archive</kind>
         <file>rtsv7M4_T_le_v4SPD16_eabi.lib</file>
         <name>atoi.c.obj</name>
      </input_file>
      <input_file id="fl-e6">
         <path>C:\ti\ccs1110\ccs\tools\compiler\ti-cgt-arm_20.2.5.LTS\lib\</path>
         <kind>archive</kind>
         <file>rtsv7M4_T_le_v4SPD16_eabi.lib</file>
         <name>ctype.c.obj</name>
      </input_file>
      <input_file id="fl-e7">
         <path>C:\ti\ccs1110\ccs\tools\compiler\ti-cgt-arm_20.2.5.LTS\lib\</path>
         <kind>archive</kind>
         <file>rtsv7M4_T_le_v4SPD16_eabi.lib</file>
         <name>defs.c.obj</name>
      </input_file>
      <input_file id="fl-e8">
         <path>C:\ti\ccs1110\ccs\tools\compiler\ti-cgt-arm_20.2.5.LTS\lib\</path>
         <kind>archive</kind>
         <file>rtsv7M4_T_le_v4SPD16_eabi.lib</file>
         <name>memccpy.c.obj</name>
      </input_file>
      <input_file id="fl-e9">
         <path>C:\ti\ccs1110\ccs\tools\compiler\ti-cgt-arm_20.2.5.LTS\lib\</path>
         <kind>archive</kind>
         <file>rtsv7M4_T_le_v4SPD16_eabi.lib</file>
         <name>memchr.c.obj</name>
      </input_file>
      <input_file id="fl-ea">
         <path>C:\ti\ccs1110\ccs\tools\compiler\ti-cgt-arm_20.2.5.LTS\lib\</path>
         <kind>archive</kind>
         <file>rtsv7M4_T_le_v4SPD16_eabi.lib</file>
         <name>memory.c.obj</name>
      </input_file>
      <input_file id="fl-eb">
         <path>C:\ti\ccs1110\ccs\tools\compiler\ti-cgt-arm_20.2.5.LTS\lib\</path>
         <kind>archive</kind>
         <file>rtsv7M4_T_le_v4SPD16_eabi.lib</file>
         <name>strchr.c.obj</name>
      </input_file>
      <input_file id="fl-ec">
         <path>C:\ti\ccs1110\ccs\tools\compiler\ti-cgt-arm_20.2.5.LTS\lib\</path>
         <kind>archive</kind>
         <file>rtsv7M4_T_le_v4SPD16_eabi.lib</file>
         <name>strlen.c.obj</name>
      </input_file>
      <input_file id="fl-ed">
         <path>C:\ti\ccs1110\ccs\tools\compiler\ti-cgt-arm_20.2.5.LTS\lib\</path>
         <kind>archive</kind>
         <file>rtsv7M4_T_le_v4SPD16_eabi.lib</file>
         <name>errno.c.obj</name>
      </input_file>
      <input_file id="fl-ee">
         <path>C:\ti\ccs1110\ccs\tools\compiler\ti-cgt-arm_20.2.5.LTS\lib\</path>
         <kind>archive</kind>
         <file>rtsv7M4_T_le_v4SPD16_eabi.lib</file>
         <name>boot_cortex_m.c.obj</name>
      </input_file>
      <input_file id="fl-ef">
         <path>C:\ti\ccs1110\ccs\tools\compiler\ti-cgt-arm_20.2.5.LTS\lib\</path>
         <kind>archive</kind>
         <file>rtsv7M4_T_le_v4SPD16_eabi.lib</file>
         <name>write.c.obj</name>
      </input_file>
      <input_file id="fl-f0">
         <path>C:\ti\ccs1110\ccs\tools\compiler\ti-cgt-arm_20.2.5.LTS\lib\</path>
         <kind>archive</kind>
         <file>rtsv7M4_T_le_v4SPD16_eabi.lib</file>
         <name>host_device.c.obj</name>
      </input_file>
      <input_file id="fl-f1">
         <path>C:\ti\ccs1110\ccs\tools\compiler\ti-cgt-arm_20.2.5.LTS\lib\</path>
         <kind>archive</kind>
         <file>rtsv7M4_T_le_v4SPD16_eabi.lib</file>
         <name>open.c.obj</name>
      </input_file>
      <input_file id="fl-f2">
         <path>C:\ti\ccs1110\ccs\tools\compiler\ti-cgt-arm_20.2.5.LTS\lib\</path>
         <kind>archive</kind>
         <file>rtsv7M4_T_le_v4SPD16_eabi.lib</file>
         <name>add_device.c.obj</name>
      </input_file>
      <input_file id="fl-f3">
         <path>C:\ti\ccs1110\ccs\tools\compiler\ti-cgt-arm_20.2.5.LTS\lib\</path>
         <kind>archive</kind>
         <file>rtsv7M4_T_le_v4SPD16_eabi.lib</file>
         <name>fclose.c.obj</name>
      </input_file>
      <input_file id="fl-f4">
         <path>C:\ti\ccs1110\ccs\tools\compiler\ti-cgt-arm_20.2.5.LTS\lib\</path>
         <kind>archive</kind>
         <file>rtsv7M4_T_le_v4SPD16_eabi.lib</file>
         <name>fflush.c.obj</name>
      </input_file>
      <input_file id="fl-f5">
         <path>C:\ti\ccs1110\ccs\tools\compiler\ti-cgt-arm_20.2.5.LTS\lib\</path>
         <kind>archive</kind>
         <file>rtsv7M4_T_le_v4SPD16_eabi.lib</file>
         <name>fseek.c.obj</name>
      </input_file>
      <input_file id="fl-f6">
         <path>C:\ti\ccs1110\ccs\tools\compiler\ti-cgt-arm_20.2.5.LTS\lib\</path>
         <kind>archive</kind>
         <file>rtsv7M4_T_le_v4SPD16_eabi.lib</file>
         <name>getdevice.c.obj</name>
      </input_file>
      <input_file id="fl-f7">
         <path>C:\ti\ccs1110\ccs\tools\compiler\ti-cgt-arm_20.2.5.LTS\lib\</path>
         <kind>archive</kind>
         <file>rtsv7M4_T_le_v4SPD16_eabi.lib</file>
         <name>s_copysign.c.obj</name>
      </input_file>
      <input_file id="fl-f8">
         <path>C:\ti\ccs1110\ccs\tools\compiler\ti-cgt-arm_20.2.5.LTS\lib\</path>
         <kind>archive</kind>
         <file>rtsv7M4_T_le_v4SPD16_eabi.lib</file>
         <name>div0.asm.obj</name>
      </input_file>
      <input_file id="fl-f9">
         <path>C:\ti\ccs1110\ccs\tools\compiler\ti-cgt-arm_20.2.5.LTS\lib\</path>
         <kind>archive</kind>
         <file>rtsv7M4_T_le_v4SPD16_eabi.lib</file>
         <name>autoinit.c.obj</name>
      </input_file>
      <input_file id="fl-fa">
         <path>C:\ti\ccs1110\ccs\tools\compiler\ti-cgt-arm_20.2.5.LTS\lib\</path>
         <kind>archive</kind>
         <file>rtsv7M4_T_le_v4SPD16_eabi.lib</file>
         <name>pre_init.c.obj</name>
      </input_file>
      <input_file id="fl-fb">
         <path>C:\ti\ccs1110\ccs\tools\compiler\ti-cgt-arm_20.2.5.LTS\lib\</path>
         <kind>archive</kind>
         <file>rtsv7M4_T_le_v4SPD16_eabi.lib</file>
         <name>cpy_tbl.c.obj</name>
      </input_file>
      <input_file id="fl-fc">
         <path>C:\ti\ccs1110\ccs\tools\compiler\ti-cgt-arm_20.2.5.LTS\lib\</path>
         <kind>archive</kind>
         <file>rtsv7M4_T_le_v4SPD16_eabi.lib</file>
         <name>args_main.c.obj</name>
      </input_file>
      <input_file id="fl-fd">
         <path>C:\ti\ccs1110\ccs\tools\compiler\ti-cgt-arm_20.2.5.LTS\lib\</path>
         <kind>archive</kind>
         <file>rtsv7M4_T_le_v4SPD16_eabi.lib</file>
         <name>strcmp.c.obj</name>
      </input_file>
      <input_file id="fl-fe">
         <path>C:\ti\ccs1110\ccs\tools\compiler\ti-cgt-arm_20.2.5.LTS\lib\</path>
         <kind>archive</kind>
         <file>rtsv7M4_T_le_v4SPD16_eabi.lib</file>
         <name>strncpy.c.obj</name>
      </input_file>
      <input_file id="fl-ff">
         <path>C:\ti\ccs1110\ccs\tools\compiler\ti-cgt-arm_20.2.5.LTS\lib\</path>
         <kind>archive</kind>
         <file>rtsv7M4_T_le_v4SPD16_eabi.lib</file>
         <name>hostclose.c.obj</name>
      </input_file>
      <input_file id="fl-100">
         <path>C:\ti\ccs1110\ccs\tools\compiler\ti-cgt-arm_20.2.5.LTS\lib\</path>
         <kind>archive</kind>
         <file>rtsv7M4_T_le_v4SPD16_eabi.lib</file>
         <name>hostlseek.c.obj</name>
      </input_file>
      <input_file id="fl-101">
         <path>C:\ti\ccs1110\ccs\tools\compiler\ti-cgt-arm_20.2.5.LTS\lib\</path>
         <kind>archive</kind>
         <file>rtsv7M4_T_le_v4SPD16_eabi.lib</file>
         <name>hostopen.c.obj</name>
      </input_file>
      <input_file id="fl-102">
         <path>C:\ti\ccs1110\ccs\tools\compiler\ti-cgt-arm_20.2.5.LTS\lib\</path>
         <kind>archive</kind>
         <file>rtsv7M4_T_le_v4SPD16_eabi.lib</file>
         <name>hostread.c.obj</name>
      </input_file>
      <input_file id="fl-103">
         <path>C:\ti\ccs1110\ccs\tools\compiler\ti-cgt-arm_20.2.5.LTS\lib\</path>
         <kind>archive</kind>
         <file>rtsv7M4_T_le_v4SPD16_eabi.lib</file>
         <name>hostrename.c.obj</name>
      </input_file>
      <input_file id="fl-104">
         <path>C:\ti\ccs1110\ccs\tools\compiler\ti-cgt-arm_20.2.5.LTS\lib\</path>
         <kind>archive</kind>
         <file>rtsv7M4_T_le_v4SPD16_eabi.lib</file>
         <name>hostunlink.c.obj</name>
      </input_file>
      <input_file id="fl-105">
         <path>C:\ti\ccs1110\ccs\tools\compiler\ti-cgt-arm_20.2.5.LTS\lib\</path>
         <kind>archive</kind>
         <file>rtsv7M4_T_le_v4SPD16_eabi.lib</file>
         <name>hostwrite.c.obj</name>
      </input_file>
      <input_file id="fl-106">
         <path>C:\ti\ccs1110\ccs\tools\compiler\ti-cgt-arm_20.2.5.LTS\lib\</path>
         <kind>archive</kind>
         <file>rtsv7M4_T_le_v4SPD16_eabi.lib</file>
         <name>trgmsg.c.obj</name>
      </input_file>
      <input_file id="fl-107">
         <path>C:\ti\ccs1110\ccs\tools\compiler\ti-cgt-arm_20.2.5.LTS\lib\</path>
         <kind>archive</kind>
         <file>rtsv7M4_T_le_v4SPD16_eabi.lib</file>
         <name>remove.c.obj</name>
      </input_file>
      <input_file id="fl-108">
         <path>C:\ti\ccs1110\ccs\tools\compiler\ti-cgt-arm_20.2.5.LTS\lib\</path>
         <kind>archive</kind>
         <file>rtsv7M4_T_le_v4SPD16_eabi.lib</file>
         <name>lseek.c.obj</name>
      </input_file>
      <input_file id="fl-109">
         <path>C:\ti\ccs1110\ccs\tools\compiler\ti-cgt-arm_20.2.5.LTS\lib\</path>
         <kind>archive</kind>
         <file>rtsv7M4_T_le_v4SPD16_eabi.lib</file>
         <name>close.c.obj</name>
      </input_file>
      <input_file id="fl-10a">
         <path>C:\ti\ccs1110\ccs\tools\compiler\ti-cgt-arm_20.2.5.LTS\lib\</path>
         <kind>archive</kind>
         <file>rtsv7M4_T_le_v4SPD16_eabi.lib</file>
         <name>strcpy.c.obj</name>
      </input_file>
      <input_file id="fl-10b">
         <path>C:\ti\ccs1110\ccs\tools\compiler\ti-cgt-arm_20.2.5.LTS\lib\</path>
         <kind>archive</kind>
         <file>rtsv7M4_T_le_v4SPD16_eabi.lib</file>
         <name>unlink.c.obj</name>
      </input_file>
   </input_file_list>
   <object_component_list>
      <object_component id="oc-26">
         <name>.intvecs:retain</name>
         <load_address>0x0</load_address>
         <run_address>0x0</run_address>
         <size>0xe4</size>
         <input_file_ref idref="fl-4"/>
      </object_component>
      <object_component id="oc-21c">
         <name>.text:__TI_printfi</name>
         <load_address>0xe4</load_address>
         <run_address>0xe4</run_address>
         <size>0xa4e</size>
         <input_file_ref idref="fl-cc"/>
      </object_component>
      <object_component id="oc-70">
         <name>.text:Default_Handler</name>
         <load_address>0xb32</load_address>
         <run_address>0xb32</run_address>
         <size>0x2</size>
         <input_file_ref idref="fl-4"/>
      </object_component>
      <object_component id="oc-a0">
         <name>.text:main</name>
         <load_address>0xb34</load_address>
         <run_address>0xb34</run_address>
         <size>0x360</size>
         <input_file_ref idref="fl-2"/>
      </object_component>
      <object_component id="oc-374">
         <name>.text:_pconv_a</name>
         <load_address>0xe94</load_address>
         <run_address>0xe94</run_address>
         <size>0x270</size>
         <input_file_ref idref="fl-cc"/>
      </object_component>
      <object_component id="oc-1fb">
         <name>.text:Encoder_ISR</name>
         <load_address>0x1104</load_address>
         <run_address>0x1104</run_address>
         <size>0x250</size>
         <input_file_ref idref="fl-2"/>
      </object_component>
      <object_component id="oc-362">
         <name>.text:_pconv_g</name>
         <load_address>0x1354</load_address>
         <run_address>0x1354</run_address>
         <size>0x1d0</size>
         <input_file_ref idref="fl-cc"/>
      </object_component>
      <object_component id="oc-31f">
         <name>.text</name>
         <load_address>0x1524</load_address>
         <run_address>0x1524</run_address>
         <size>0x1b6</size>
         <input_file_ref idref="fl-d5"/>
      </object_component>
      <object_component id="oc-398">
         <name>.text:_nop</name>
         <load_address>0x16da</load_address>
         <run_address>0x16da</run_address>
         <size>0x2</size>
         <input_file_ref idref="fl-e3"/>
      </object_component>
      <object_component id="oc-ef">
         <name>.text:TimerInit</name>
         <load_address>0x16dc</load_address>
         <run_address>0x16dc</run_address>
         <size>0x1ac</size>
         <input_file_ref idref="fl-2"/>
      </object_component>
      <object_component id="oc-2c6">
         <name>.text:_getIndexForMemRegister</name>
         <load_address>0x1888</load_address>
         <run_address>0x1888</run_address>
         <size>0x160</size>
         <input_file_ref idref="fl-10"/>
      </object_component>
      <object_component id="oc-2d4">
         <name>.text:privateTimer_AProcessClockSourceDivider</name>
         <load_address>0x19e8</load_address>
         <run_address>0x19e8</run_address>
         <size>0x144</size>
         <input_file_ref idref="fl-13"/>
      </object_component>
      <object_component id="oc-36e">
         <name>.text:_pconv_e</name>
         <load_address>0x1b2c</load_address>
         <run_address>0x1b2c</run_address>
         <size>0x13c</size>
         <input_file_ref idref="fl-cc"/>
      </object_component>
      <object_component id="oc-310">
         <name>.text</name>
         <load_address>0x1c68</load_address>
         <run_address>0x1c68</run_address>
         <size>0x136</size>
         <input_file_ref idref="fl-d7"/>
      </object_component>
      <object_component id="oc-57c">
         <name>.text</name>
         <load_address>0x1d9e</load_address>
         <run_address>0x1d9e</run_address>
         <size>0x2</size>
         <input_file_ref idref="fl-f8"/>
      </object_component>
      <object_component id="oc-48b">
         <name>.text:fcvt</name>
         <load_address>0x1da0</load_address>
         <run_address>0x1da0</run_address>
         <size>0x124</size>
         <input_file_ref idref="fl-cc"/>
      </object_component>
      <object_component id="oc-417">
         <name>.text:UART_initModule</name>
         <load_address>0x1ec4</load_address>
         <run_address>0x1ec4</run_address>
         <size>0x11c</size>
         <input_file_ref idref="fl-14"/>
      </object_component>
      <object_component id="oc-3a6">
         <name>.text:fputs</name>
         <load_address>0x1fe0</load_address>
         <run_address>0x1fe0</run_address>
         <size>0x114</size>
         <input_file_ref idref="fl-cf"/>
      </object_component>
      <object_component id="oc-3ea">
         <name>.text:_openfile</name>
         <load_address>0x20f4</load_address>
         <run_address>0x20f4</run_address>
         <size>0x110</size>
         <input_file_ref idref="fl-cd"/>
      </object_component>
      <object_component id="oc-49f">
         <name>.text:scalbn</name>
         <load_address>0x2204</load_address>
         <run_address>0x2204</run_address>
         <size>0x110</size>
         <input_file_ref idref="fl-d3"/>
      </object_component>
      <object_component id="oc-55b">
         <name>.text:aligned_alloc</name>
         <load_address>0x2314</load_address>
         <run_address>0x2314</run_address>
         <size>0x100</size>
         <input_file_ref idref="fl-ea"/>
      </object_component>
      <object_component id="oc-46e">
         <name>.text</name>
         <load_address>0x2414</load_address>
         <run_address>0x2414</run_address>
         <size>0xfc</size>
         <input_file_ref idref="fl-d8"/>
      </object_component>
      <object_component id="oc-3f2">
         <name>.text:free</name>
         <load_address>0x2510</load_address>
         <run_address>0x2510</run_address>
         <size>0xe4</size>
         <input_file_ref idref="fl-ea"/>
      </object_component>
      <object_component id="oc-282">
         <name>.text:setvbuf</name>
         <load_address>0x25f4</load_address>
         <run_address>0x25f4</run_address>
         <size>0xdc</size>
         <input_file_ref idref="fl-d1"/>
      </object_component>
      <object_component id="oc-1e9">
         <name>.text:Timer_A_registerInterrupt</name>
         <load_address>0x26d0</load_address>
         <run_address>0x26d0</run_address>
         <size>0xd2</size>
         <input_file_ref idref="fl-13"/>
      </object_component>
      <object_component id="oc-545">
         <name>.text:open</name>
         <load_address>0x27a4</load_address>
         <run_address>0x27a4</run_address>
         <size>0xbc</size>
         <input_file_ref idref="fl-f1"/>
      </object_component>
      <object_component id="oc-276">
         <name>.text:add_device</name>
         <load_address>0x2860</load_address>
         <run_address>0x2860</run_address>
         <size>0xb8</size>
         <input_file_ref idref="fl-f2"/>
      </object_component>
      <object_component id="oc-1b2">
         <name>.text:ADC14_configureConversionMemory</name>
         <load_address>0x2918</load_address>
         <run_address>0x2918</run_address>
         <size>0xb4</size>
         <input_file_ref idref="fl-10"/>
      </object_component>
      <object_component id="oc-1be">
         <name>.text:ADC14_configureMultiSequenceMode</name>
         <load_address>0x29cc</load_address>
         <run_address>0x29cc</run_address>
         <size>0xb4</size>
         <input_file_ref idref="fl-10"/>
      </object_component>
      <object_component id="oc-357">
         <name>.text:_ltostr</name>
         <load_address>0x2a80</load_address>
         <run_address>0x2a80</run_address>
         <size>0xb1</size>
         <input_file_ref idref="fl-cc"/>
      </object_component>
      <object_component id="oc-174">
         <name>.text:init_std_uart</name>
         <load_address>0x2b34</load_address>
         <run_address>0x2b34</run_address>
         <size>0x9c</size>
         <input_file_ref idref="fl-3"/>
      </object_component>
      <object_component id="oc-3a">
         <name>.text</name>
         <load_address>0x2bd0</load_address>
         <run_address>0x2bd0</run_address>
         <size>0x9c</size>
         <input_file_ref idref="fl-db"/>
      </object_component>
      <object_component id="oc-b2">
         <name>.text:SystemInit</name>
         <load_address>0x2c6c</load_address>
         <run_address>0x2c6c</run_address>
         <size>0x98</size>
         <input_file_ref idref="fl-5"/>
      </object_component>
      <object_component id="oc-467">
         <name>.text</name>
         <load_address>0x2d04</load_address>
         <run_address>0x2d04</run_address>
         <size>0x96</size>
         <input_file_ref idref="fl-dd"/>
      </object_component>
      <object_component id="oc-3ad">
         <name>.text:fputc</name>
         <load_address>0x2d9c</load_address>
         <run_address>0x2d9c</run_address>
         <size>0x8c</size>
         <input_file_ref idref="fl-ce"/>
      </object_component>
      <object_component id="oc-187">
         <name>.text:GPIO_setAsPeripheralModuleFunctionInputPin</name>
         <load_address>0x2e28</load_address>
         <run_address>0x2e28</run_address>
         <size>0x88</size>
         <input_file_ref idref="fl-11"/>
      </object_component>
      <object_component id="oc-181">
         <name>.text:GPIO_setAsPeripheralModuleFunctionOutputPin</name>
         <load_address>0x2eb0</load_address>
         <run_address>0x2eb0</run_address>
         <size>0x88</size>
         <input_file_ref idref="fl-11"/>
      </object_component>
      <object_component id="oc-35d">
         <name>.text:__aeabi_cdcmple</name>
         <load_address>0x2f38</load_address>
         <run_address>0x2f38</run_address>
         <size>0x86</size>
         <input_file_ref idref="fl-d6"/>
      </object_component>
      <object_component id="oc-473">
         <name>.text:__aeabi_cdrcmple</name>
         <load_address>0x2fbe</load_address>
         <run_address>0x2fbe</run_address>
         <size>0x86</size>
         <input_file_ref idref="fl-d6"/>
      </object_component>
      <object_component id="oc-2e5">
         <name>.text:Interrupt_enableInterrupt</name>
         <load_address>0x3044</load_address>
         <run_address>0x3044</run_address>
         <size>0x80</size>
         <input_file_ref idref="fl-12"/>
      </object_component>
      <object_component id="oc-2a9">
         <name>.text:dopen</name>
         <load_address>0x30c4</load_address>
         <run_address>0x30c4</run_address>
         <size>0x80</size>
         <input_file_ref idref="fl-3"/>
      </object_component>
      <object_component id="oc-94">
         <name>.text</name>
         <load_address>0x3144</load_address>
         <run_address>0x3144</run_address>
         <size>0x7a</size>
         <input_file_ref idref="fl-de"/>
      </object_component>
      <object_component id="oc-3e4">
         <name>.text:__TI_closefile</name>
         <load_address>0x31c0</load_address>
         <run_address>0x31c0</run_address>
         <size>0x74</size>
         <input_file_ref idref="fl-f3"/>
      </object_component>
      <object_component id="oc-604">
         <name>.text:split</name>
         <load_address>0x3234</load_address>
         <run_address>0x3234</run_address>
         <size>0x70</size>
         <input_file_ref idref="fl-ea"/>
      </object_component>
      <object_component id="oc-484">
         <name>.text:_mcpy</name>
         <load_address>0x32a4</load_address>
         <run_address>0x32a4</run_address>
         <size>0x6e</size>
         <input_file_ref idref="fl-cc"/>
      </object_component>
      <object_component id="oc-526">
         <name>.text:HOSTrename</name>
         <load_address>0x3314</load_address>
         <run_address>0x3314</run_address>
         <size>0x6c</size>
         <input_file_ref idref="fl-103"/>
      </object_component>
      <object_component id="oc-51a">
         <name>.text:HOSTlseek</name>
         <load_address>0x3380</load_address>
         <run_address>0x3380</run_address>
         <size>0x68</size>
         <input_file_ref idref="fl-100"/>
      </object_component>
      <object_component id="oc-1d1">
         <name>.text:Timer_A_configureUpMode</name>
         <load_address>0x33e8</load_address>
         <run_address>0x33e8</run_address>
         <size>0x68</size>
         <input_file_ref idref="fl-13"/>
      </object_component>
      <object_component id="oc-17">
         <name>.text:decompress:lzss:__TI_decompress_lzss</name>
         <load_address>0x3450</load_address>
         <run_address>0x3450</run_address>
         <size>0x68</size>
         <input_file_ref idref="fl-e1"/>
      </object_component>
      <object_component id="oc-113">
         <name>.text:printf</name>
         <load_address>0x34b8</load_address>
         <run_address>0x34b8</run_address>
         <size>0x68</size>
         <input_file_ref idref="fl-cb"/>
      </object_component>
      <object_component id="oc-e3">
         <name>.text:GPIOInit</name>
         <load_address>0x3520</load_address>
         <run_address>0x3520</run_address>
         <size>0x64</size>
         <input_file_ref idref="fl-2"/>
      </object_component>
      <object_component id="oc-499">
         <name>.text:frexp</name>
         <load_address>0x3584</load_address>
         <run_address>0x3584</run_address>
         <size>0x64</size>
         <input_file_ref idref="fl-d2"/>
      </object_component>
      <object_component id="oc-5ad">
         <name>.text:fseek</name>
         <load_address>0x35e8</load_address>
         <run_address>0x35e8</run_address>
         <size>0x64</size>
         <input_file_ref idref="fl-f5"/>
      </object_component>
      <object_component id="oc-4d0">
         <name>.text:__TI_wrt_ok</name>
         <load_address>0x364c</load_address>
         <run_address>0x364c</run_address>
         <size>0x62</size>
         <input_file_ref idref="fl-d0"/>
      </object_component>
      <object_component id="oc-502">
         <name>.text:HOSTopen</name>
         <load_address>0x36b0</load_address>
         <run_address>0x36b0</run_address>
         <size>0x60</size>
         <input_file_ref idref="fl-101"/>
      </object_component>
      <object_component id="oc-2df">
         <name>.text:Interrupt_registerInterrupt</name>
         <load_address>0x3710</load_address>
         <run_address>0x3710</run_address>
         <size>0x5c</size>
         <input_file_ref idref="fl-12"/>
      </object_component>
      <object_component id="oc-536">
         <name>.text:close</name>
         <load_address>0x376c</load_address>
         <run_address>0x376c</run_address>
         <size>0x5c</size>
         <input_file_ref idref="fl-109"/>
      </object_component>
      <object_component id="oc-1b8">
         <name>.text:ADC14_configureSingleSampleMode</name>
         <load_address>0x37c8</load_address>
         <run_address>0x37c8</run_address>
         <size>0x58</size>
         <input_file_ref idref="fl-10"/>
      </object_component>
      <object_component id="oc-199">
         <name>.text:GPIO_setAsInputPinWithPullUpResistor</name>
         <load_address>0x3820</load_address>
         <run_address>0x3820</run_address>
         <size>0x58</size>
         <input_file_ref idref="fl-11"/>
      </object_component>
      <object_component id="oc-50e">
         <name>.text:HOSTread</name>
         <load_address>0x3878</load_address>
         <run_address>0x3878</run_address>
         <size>0x58</size>
         <input_file_ref idref="fl-102"/>
      </object_component>
      <object_component id="oc-514">
         <name>.text:HOSTwrite</name>
         <load_address>0x38d0</load_address>
         <run_address>0x38d0</run_address>
         <size>0x58</size>
         <input_file_ref idref="fl-105"/>
      </object_component>
      <object_component id="oc-1e3">
         <name>.text:Timer_A_initCapture</name>
         <load_address>0x3928</load_address>
         <run_address>0x3928</run_address>
         <size>0x58</size>
         <input_file_ref idref="fl-13"/>
      </object_component>
      <object_component id="oc-368">
         <name>.text:_pconv_f</name>
         <load_address>0x3980</load_address>
         <run_address>0x3980</run_address>
         <size>0x56</size>
         <input_file_ref idref="fl-cc"/>
      </object_component>
      <object_component id="oc-10d">
         <name>.text:ADC14_getMultiSequenceResult</name>
         <load_address>0x39d8</load_address>
         <run_address>0x39d8</run_address>
         <size>0x54</size>
         <input_file_ref idref="fl-10"/>
      </object_component>
      <object_component id="oc-1a6">
         <name>.text:ADC14_initModule</name>
         <load_address>0x3a2c</load_address>
         <run_address>0x3a2c</run_address>
         <size>0x54</size>
         <input_file_ref idref="fl-10"/>
      </object_component>
      <object_component id="oc-478">
         <name>.text:__TI_ltoa</name>
         <load_address>0x3a80</load_address>
         <run_address>0x3a80</run_address>
         <size>0x54</size>
         <input_file_ref idref="fl-e4"/>
      </object_component>
      <object_component id="oc-28b">
         <name>.text:dread</name>
         <load_address>0x3ad4</load_address>
         <run_address>0x3ad4</run_address>
         <size>0x54</size>
         <input_file_ref idref="fl-3"/>
      </object_component>
      <object_component id="oc-e9">
         <name>.text:ADCInit</name>
         <load_address>0x3b28</load_address>
         <run_address>0x3b28</run_address>
         <size>0x52</size>
         <input_file_ref idref="fl-2"/>
      </object_component>
      <object_component id="oc-47e">
         <name>.text:_ecpy</name>
         <load_address>0x3b7a</load_address>
         <run_address>0x3b7a</run_address>
         <size>0x52</size>
         <input_file_ref idref="fl-cc"/>
      </object_component>
      <object_component id="oc-1d7">
         <name>.text:Timer_A_initCompare</name>
         <load_address>0x3bcc</load_address>
         <run_address>0x3bcc</run_address>
         <size>0x4e</size>
         <input_file_ref idref="fl-13"/>
      </object_component>
      <object_component id="oc-193">
         <name>.text:GPIO_setAsInputPin</name>
         <load_address>0x3c1c</load_address>
         <run_address>0x3c1c</run_address>
         <size>0x4c</size>
         <input_file_ref idref="fl-11"/>
      </object_component>
      <object_component id="oc-4dc">
         <name>.text:__TI_doflush</name>
         <load_address>0x3c68</load_address>
         <run_address>0x3c68</run_address>
         <size>0x4c</size>
         <input_file_ref idref="fl-f4"/>
      </object_component>
      <object_component id="oc-351">
         <name>.text:atoi</name>
         <load_address>0x3cb4</load_address>
         <run_address>0x3cb4</run_address>
         <size>0x4c</size>
         <input_file_ref idref="fl-e5"/>
      </object_component>
      <object_component id="oc-291">
         <name>.text:dwrite</name>
         <load_address>0x3d00</load_address>
         <run_address>0x3d00</run_address>
         <size>0x48</size>
         <input_file_ref idref="fl-3"/>
      </object_component>
      <object_component id="oc-136">
         <name>.text:exit</name>
         <load_address>0x3d48</load_address>
         <run_address>0x3d48</run_address>
         <size>0x48</size>
         <input_file_ref idref="fl-e2"/>
      </object_component>
      <object_component id="oc-315">
         <name>.text</name>
         <load_address>0x3d90</load_address>
         <run_address>0x3d90</run_address>
         <size>0x48</size>
         <input_file_ref idref="fl-d9"/>
      </object_component>
      <object_component id="oc-508">
         <name>.text:HOSTclose</name>
         <load_address>0x3dd8</load_address>
         <run_address>0x3dd8</run_address>
         <size>0x44</size>
         <input_file_ref idref="fl-ff"/>
      </object_component>
      <object_component id="oc-520">
         <name>.text:HOSTunlink</name>
         <load_address>0x3e1c</load_address>
         <run_address>0x3e1c</run_address>
         <size>0x44</size>
         <input_file_ref idref="fl-104"/>
      </object_component>
      <object_component id="oc-13c">
         <name>.text:__TI_auto_init_nobinit_nopinit:__TI_auto_init_nobinit_nopinit</name>
         <load_address>0x3e60</load_address>
         <run_address>0x3e60</run_address>
         <size>0x44</size>
         <input_file_ref idref="fl-f9"/>
      </object_component>
      <object_component id="oc-5f2">
         <name>.text:getdevice</name>
         <load_address>0x3ea4</load_address>
         <run_address>0x3ea4</run_address>
         <size>0x44</size>
         <input_file_ref idref="fl-f6"/>
      </object_component>
      <object_component id="oc-17b">
         <name>.text:GPIO_setAsOutputPin</name>
         <load_address>0x3ee8</load_address>
         <run_address>0x3ee8</run_address>
         <size>0x40</size>
         <input_file_ref idref="fl-11"/>
      </object_component>
      <object_component id="oc-491">
         <name>.text:_fcpy</name>
         <load_address>0x3f28</load_address>
         <run_address>0x3f28</run_address>
         <size>0x3e</size>
         <input_file_ref idref="fl-cc"/>
      </object_component>
      <object_component id="oc-2f9">
         <name>.text:Timer_A_getCaptureCompareEnabledInterruptStatus</name>
         <load_address>0x3f68</load_address>
         <run_address>0x3f68</run_address>
         <size>0x38</size>
         <input_file_ref idref="fl-13"/>
      </object_component>
      <object_component id="oc-5c7">
         <name>.text:__TI_writemsg</name>
         <load_address>0x3fa0</load_address>
         <run_address>0x3fa0</run_address>
         <size>0x38</size>
         <input_file_ref idref="fl-106"/>
      </object_component>
      <object_component id="oc-3d8">
         <name>.text:strncpy</name>
         <load_address>0x3fd8</load_address>
         <run_address>0x3fd8</run_address>
         <size>0x36</size>
         <input_file_ref idref="fl-fe"/>
      </object_component>
      <object_component id="oc-1c4">
         <name>.text:ADC14_enableSampleTimer</name>
         <load_address>0x4010</load_address>
         <run_address>0x4010</run_address>
         <size>0x34</size>
         <input_file_ref idref="fl-10"/>
      </object_component>
      <object_component id="oc-1dd">
         <name>.text:Timer_A_configureContinuousMode</name>
         <load_address>0x4044</load_address>
         <run_address>0x4044</run_address>
         <size>0x34</size>
         <input_file_ref idref="fl-13"/>
      </object_component>
      <object_component id="oc-3fe">
         <name>.text:__TI_cleanup</name>
         <load_address>0x4078</load_address>
         <run_address>0x4078</run_address>
         <size>0x34</size>
         <input_file_ref idref="fl-cd"/>
      </object_component>
      <object_component id="oc-5cd">
         <name>.text:__TI_readmsg</name>
         <load_address>0x40ac</load_address>
         <run_address>0x40ac</run_address>
         <size>0x34</size>
         <input_file_ref idref="fl-106"/>
      </object_component>
      <object_component id="oc-58">
         <name>.text:_c_int00_noargs:_c_int00_noargs</name>
         <load_address>0x40e0</load_address>
         <run_address>0x40e0</run_address>
         <size>0x34</size>
         <input_file_ref idref="fl-ee"/>
      </object_component>
      <object_component id="oc-27c">
         <name>.text:freopen</name>
         <load_address>0x4114</load_address>
         <run_address>0x4114</run_address>
         <size>0x34</size>
         <input_file_ref idref="fl-cd"/>
      </object_component>
      <object_component id="oc-fb">
         <name>.text:GPIO_getInputPinValue</name>
         <load_address>0x4148</load_address>
         <run_address>0x4148</run_address>
         <size>0x30</size>
         <input_file_ref idref="fl-11"/>
      </object_component>
      <object_component id="oc-3d2">
         <name>.text:finddevice</name>
         <load_address>0x4178</load_address>
         <run_address>0x4178</run_address>
         <size>0x30</size>
         <input_file_ref idref="fl-f6"/>
      </object_component>
      <object_component id="oc-30b">
         <name>.text</name>
         <load_address>0x41a8</load_address>
         <run_address>0x41a8</run_address>
         <size>0x2e</size>
         <input_file_ref idref="fl-da"/>
      </object_component>
      <object_component id="oc-101">
         <name>.text:ADC14_toggleConversionTrigger</name>
         <load_address>0x41d8</load_address>
         <run_address>0x41d8</run_address>
         <size>0x2c</size>
         <input_file_ref idref="fl-10"/>
      </object_component>
      <object_component id="oc-2ff">
         <name>.text:Timer_A_clearCaptureCompareInterrupt</name>
         <load_address>0x4204</load_address>
         <run_address>0x4204</run_address>
         <size>0x2c</size>
         <input_file_ref idref="fl-13"/>
      </object_component>
      <object_component id="oc-53c">
         <name>.text:unlink</name>
         <load_address>0x4230</load_address>
         <run_address>0x4230</run_address>
         <size>0x2c</size>
         <input_file_ref idref="fl-10b"/>
      </object_component>
      <object_component id="oc-1ca">
         <name>.text:ADC14_enableConversion</name>
         <load_address>0x425c</load_address>
         <run_address>0x425c</run_address>
         <size>0x28</size>
         <input_file_ref idref="fl-10"/>
      </object_component>
      <object_component id="oc-f5">
         <name>.text:GPIO_setOutputHighOnPin</name>
         <load_address>0x4284</load_address>
         <run_address>0x4284</run_address>
         <size>0x28</size>
         <input_file_ref idref="fl-11"/>
      </object_component>
      <object_component id="oc-18d">
         <name>.text:GPIO_setOutputLowOnPin</name>
         <load_address>0x42ac</load_address>
         <run_address>0x42ac</run_address>
         <size>0x28</size>
         <input_file_ref idref="fl-11"/>
      </object_component>
      <object_component id="oc-450">
         <name>.text:Timer_A_getCaptureCompareInterruptStatus</name>
         <load_address>0x42d4</load_address>
         <run_address>0x42d4</run_address>
         <size>0x28</size>
         <input_file_ref idref="fl-13"/>
      </object_component>
      <object_component id="oc-119">
         <name>.text:Timer_A_setCompareValue</name>
         <load_address>0x42fc</load_address>
         <run_address>0x42fc</run_address>
         <size>0x28</size>
         <input_file_ref idref="fl-13"/>
      </object_component>
      <object_component id="oc-554">
         <name>.text:free_list_insert</name>
         <load_address>0x4324</load_address>
         <run_address>0x4324</run_address>
         <size>0x28</size>
         <input_file_ref idref="fl-ea"/>
      </object_component>
      <object_component id="oc-627">
         <name>.text:lseek</name>
         <load_address>0x434c</load_address>
         <run_address>0x434c</run_address>
         <size>0x28</size>
         <input_file_ref idref="fl-108"/>
      </object_component>
      <object_component id="oc-4e2">
         <name>.text:write</name>
         <load_address>0x4374</load_address>
         <run_address>0x4374</run_address>
         <size>0x28</size>
         <input_file_ref idref="fl-ef"/>
      </object_component>
      <object_component id="oc-305">
         <name>.text:Timer_A_getCaptureCompareCount</name>
         <load_address>0x439c</load_address>
         <run_address>0x439c</run_address>
         <size>0x22</size>
         <input_file_ref idref="fl-13"/>
      </object_component>
      <object_component id="oc-1ac">
         <name>.text:ADC14_setResolution</name>
         <load_address>0x43c0</load_address>
         <run_address>0x43c0</run_address>
         <size>0x20</size>
         <input_file_ref idref="fl-10"/>
      </object_component>
      <object_component id="oc-4d6">
         <name>.text:memchr</name>
         <load_address>0x43e0</load_address>
         <run_address>0x43e0</run_address>
         <size>0x20</size>
         <input_file_ref idref="fl-e9"/>
      </object_component>
      <object_component id="oc-31a">
         <name>.text</name>
         <load_address>0x4400</load_address>
         <run_address>0x4400</run_address>
         <size>0x20</size>
         <input_file_ref idref="fl-dc"/>
      </object_component>
      <object_component id="oc-2af">
         <name>.text:dclose</name>
         <load_address>0x4420</load_address>
         <run_address>0x4420</run_address>
         <size>0x1c</size>
         <input_file_ref idref="fl-3"/>
      </object_component>
      <object_component id="oc-46">
         <name>.text:decompress:ZI:__TI_zero_init_nomemset:__TI_zero_init_nomemset</name>
         <load_address>0x443c</load_address>
         <run_address>0x443c</run_address>
         <size>0x1c</size>
         <input_file_ref idref="fl-df"/>
      </object_component>
      <object_component id="oc-54e">
         <name>.text:free_list_remove</name>
         <load_address>0x4458</load_address>
         <run_address>0x4458</run_address>
         <size>0x1c</size>
         <input_file_ref idref="fl-ea"/>
      </object_component>
      <object_component id="oc-37a">
         <name>.text:memccpy</name>
         <load_address>0x4474</load_address>
         <run_address>0x4474</run_address>
         <size>0x1c</size>
         <input_file_ref idref="fl-e8"/>
      </object_component>
      <object_component id="oc-591">
         <name>.text:copysign</name>
         <load_address>0x4490</load_address>
         <run_address>0x4490</run_address>
         <size>0x1a</size>
         <input_file_ref idref="fl-f7"/>
      </object_component>
      <object_component id="oc-202">
         <name>.text:T1_100ms_ISR</name>
         <load_address>0x44ac</load_address>
         <run_address>0x44ac</run_address>
         <size>0x18</size>
         <input_file_ref idref="fl-2"/>
      </object_component>
      <object_component id="oc-2ed">
         <name>.text:Timer_A_getEnabledInterruptStatus</name>
         <load_address>0x44c4</load_address>
         <run_address>0x44c4</run_address>
         <size>0x18</size>
         <input_file_ref idref="fl-13"/>
      </object_component>
      <object_component id="oc-4f8">
         <name>.text:strcmp</name>
         <load_address>0x44dc</load_address>
         <run_address>0x44dc</run_address>
         <size>0x18</size>
         <input_file_ref idref="fl-fd"/>
      </object_component>
      <object_component id="oc-2f3">
         <name>.text:Timer_A_clearInterruptFlag</name>
         <load_address>0x44f4</load_address>
         <run_address>0x44f4</run_address>
         <size>0x16</size>
         <input_file_ref idref="fl-13"/>
      </object_component>
      <object_component id="oc-1ef">
         <name>.text:Timer_A_startCounter</name>
         <load_address>0x450a</load_address>
         <run_address>0x450a</run_address>
         <size>0x16</size>
         <input_file_ref idref="fl-13"/>
      </object_component>
      <object_component id="oc-4a5">
         <name>.text:strchr</name>
         <load_address>0x4520</load_address>
         <run_address>0x4520</run_address>
         <size>0x16</size>
         <input_file_ref idref="fl-eb"/>
      </object_component>
      <object_component id="oc-5e1">
         <name>.text:strcpy</name>
         <load_address>0x4536</load_address>
         <run_address>0x4536</run_address>
         <size>0x14</size>
         <input_file_ref idref="fl-10a"/>
      </object_component>
      <object_component id="oc-34b">
         <name>.text:strlen</name>
         <load_address>0x454a</load_address>
         <run_address>0x454a</run_address>
         <size>0x14</size>
         <input_file_ref idref="fl-ec"/>
      </object_component>
      <object_component id="oc-448">
         <name>.text:Timer_A_getInterruptStatus</name>
         <load_address>0x455e</load_address>
         <run_address>0x455e</run_address>
         <size>0x12</size>
         <input_file_ref idref="fl-13"/>
      </object_component>
      <object_component id="oc-297">
         <name>.text:dlseek</name>
         <load_address>0x4570</load_address>
         <run_address>0x4570</run_address>
         <size>0x12</size>
         <input_file_ref idref="fl-3"/>
      </object_component>
      <object_component id="oc-380">
         <name>.text:wcslen</name>
         <load_address>0x4582</load_address>
         <run_address>0x4582</run_address>
         <size>0x12</size>
         <input_file_ref idref="fl-d4"/>
      </object_component>
      <object_component id="oc-107">
         <name>.text:ADC14_isBusy</name>
         <load_address>0x4594</load_address>
         <run_address>0x4594</run_address>
         <size>0x10</size>
         <input_file_ref idref="fl-10"/>
      </object_component>
      <object_component id="oc-2be">
         <name>.text:ADCIsConversionRunning</name>
         <load_address>0x45a4</load_address>
         <run_address>0x45a4</run_address>
         <size>0x10</size>
         <input_file_ref idref="fl-10"/>
      </object_component>
      <object_component id="oc-2a3">
         <name>.text:drename</name>
         <load_address>0x45b4</load_address>
         <run_address>0x45b4</run_address>
         <size>0x10</size>
         <input_file_ref idref="fl-3"/>
      </object_component>
      <object_component id="oc-1d">
         <name>.text:decompress:none:__TI_decompress_none</name>
         <load_address>0x45c4</load_address>
         <run_address>0x45c4</run_address>
         <size>0xe</size>
         <input_file_ref idref="fl-e0"/>
      </object_component>
      <object_component id="oc-29d">
         <name>.text:dunlink</name>
         <load_address>0x45d2</load_address>
         <run_address>0x45d2</run_address>
         <size>0xe</size>
         <input_file_ref idref="fl-3"/>
      </object_component>
      <object_component id="oc-1a0">
         <name>.text:ADC14_enableModule</name>
         <load_address>0x45e0</load_address>
         <run_address>0x45e0</run_address>
         <size>0xc</size>
         <input_file_ref idref="fl-10"/>
      </object_component>
      <object_component id="oc-6a">
         <name>.text:Reset_Handler</name>
         <load_address>0x45ec</load_address>
         <run_address>0x45ec</run_address>
         <size>0xc</size>
         <input_file_ref idref="fl-4"/>
      </object_component>
      <object_component id="oc-dd">
         <name>.text:SysInit</name>
         <load_address>0x45f8</load_address>
         <run_address>0x45f8</run_address>
         <size>0x8</size>
         <input_file_ref idref="fl-3"/>
      </object_component>
      <object_component id="oc-386">
         <name>.text:__aeabi_errno_addr</name>
         <load_address>0x4600</load_address>
         <run_address>0x4600</run_address>
         <size>0x8</size>
         <input_file_ref idref="fl-ed"/>
      </object_component>
      <object_component id="oc-3f8">
         <name>.text:malloc</name>
         <load_address>0x4608</load_address>
         <run_address>0x4608</run_address>
         <size>0x8</size>
         <input_file_ref idref="fl-ea"/>
      </object_component>
      <object_component id="oc-22e">
         <name>.text:_outc</name>
         <load_address>0x4610</load_address>
         <run_address>0x4610</run_address>
         <size>0x4</size>
         <input_file_ref idref="fl-cb"/>
      </object_component>
      <object_component id="oc-228">
         <name>.text:_outs</name>
         <load_address>0x4614</load_address>
         <run_address>0x4614</run_address>
         <size>0x4</size>
         <input_file_ref idref="fl-cb"/>
      </object_component>
      <object_component id="oc-9a">
         <name>.text:_system_pre_init</name>
         <load_address>0x4618</load_address>
         <run_address>0x4618</run_address>
         <size>0x4</size>
         <input_file_ref idref="fl-fa"/>
      </object_component>
      <object_component id="oc-130">
         <name>.text:abort:abort</name>
         <load_address>0x461c</load_address>
         <run_address>0x461c</run_address>
         <size>0x4</size>
         <input_file_ref idref="fl-e2"/>
      </object_component>
      <object_component id="oc-462">
         <name>.const:.string:_ctypes_</name>
         <load_address>0x4620</load_address>
         <run_address>0x4620</run_address>
         <size>0x101</size>
         <input_file_ref idref="fl-e6"/>
      </object_component>
      <object_component id="oc-2cc">
         <name>.const:_ctlRegs</name>
         <load_address>0x4724</load_address>
         <run_address>0x4724</run_address>
         <size>0x80</size>
         <input_file_ref idref="fl-10"/>
      </object_component>
      <object_component id="oc-209">
         <name>.const:GPIO_PORT_TO_BASE</name>
         <load_address>0x47a4</load_address>
         <run_address>0x47a4</run_address>
         <size>0x30</size>
         <input_file_ref idref="fl-11"/>
      </object_component>
      <object_component id="oc-41d">
         <name>.const:$P$T1$2</name>
         <load_address>0x47d4</load_address>
         <run_address>0x47d4</run_address>
         <size>0x28</size>
         <input_file_ref idref="fl-3"/>
      </object_component>
      <object_component id="oc-444">
         <name>.const:g_pulEnRegs</name>
         <load_address>0x47fc</load_address>
         <run_address>0x47fc</run_address>
         <size>0x8</size>
         <input_file_ref idref="fl-12"/>
      </object_component>
      <object_component id="oc-288">
         <name>.const:.string:$P$T0$1</name>
         <load_address>0x4804</load_address>
         <run_address>0x4804</run_address>
         <size>0x5</size>
         <input_file_ref idref="fl-3"/>
      </object_component>
      <object_component id="oc-697">
         <name>.cinit..data.load</name>
         <load_address>0x4810</load_address>
         <run_address>0x4810</run_address>
         <size>0x86</size>
      </object_component>
      <object_component id="oc-694">
         <name>__TI_handler_table</name>
         <load_address>0x4898</load_address>
         <run_address>0x4898</run_address>
         <size>0xc</size>
      </object_component>
      <object_component id="oc-698">
         <name>.cinit..bss.load</name>
         <load_address>0x48a8</load_address>
         <run_address>0x48a8</run_address>
         <size>0x8</size>
      </object_component>
      <object_component id="oc-696">
         <name>.cinit..vtable.load</name>
         <load_address>0x48b0</load_address>
         <run_address>0x48b0</run_address>
         <size>0x8</size>
      </object_component>
      <object_component id="oc-695">
         <name>__TI_cinit_table</name>
         <load_address>0x48b8</load_address>
         <run_address>0x48b8</run_address>
         <size>0x18</size>
      </object_component>
      <object_component id="oc-668">
         <name>.binit</name>
         <load_address>0x0</load_address>
         <run_address>0x0</run_address>
         <size>0x0</size>
      </object_component>
      <object_component id="oc-43f">
         <name>.vtable</name>
         <uninitialized>true</uninitialized>
         <run_address>0x20000000</run_address>
         <size>0xe8</size>
         <input_file_ref idref="fl-12"/>
      </object_component>
      <object_component id="oc-11f">
         <name>.data</name>
         <load_address>0x2000093c</load_address>
         <run_address>0x2000093c</run_address>
         <size>0x28</size>
         <input_file_ref idref="fl-2"/>
      </object_component>
      <object_component id="oc-25a">
         <name>.data:$O1$$</name>
         <load_address>0x20000974</load_address>
         <run_address>0x20000974</run_address>
         <size>0xc</size>
         <input_file_ref idref="fl-e2"/>
      </object_component>
      <object_component id="oc-222">
         <name>.data:$O1$$</name>
         <load_address>0x20000980</load_address>
         <run_address>0x20000980</run_address>
         <size>0x8</size>
         <input_file_ref idref="fl-e3"/>
      </object_component>
      <object_component id="oc-225">
         <name>.data:_ftable</name>
         <load_address>0x20000784</load_address>
         <run_address>0x20000784</run_address>
         <size>0xf0</size>
         <input_file_ref idref="fl-e7"/>
      </object_component>
      <object_component id="oc-562">
         <name>.data</name>
         <load_address>0x20000964</load_address>
         <run_address>0x20000964</run_address>
         <size>0x10</size>
         <input_file_ref idref="fl-e7"/>
      </object_component>
      <object_component id="oc-5ff">
         <name>.data:$O1$$</name>
         <load_address>0x20000988</load_address>
         <run_address>0x20000988</run_address>
         <size>0x8</size>
         <input_file_ref idref="fl-ea"/>
      </object_component>
      <object_component id="oc-4b5">
         <name>.data</name>
         <load_address>0x20000994</load_address>
         <run_address>0x20000994</run_address>
         <size>0x4</size>
         <input_file_ref idref="fl-ed"/>
      </object_component>
      <object_component id="oc-3df">
         <name>.data:_device</name>
         <load_address>0x20000874</load_address>
         <run_address>0x20000874</run_address>
         <size>0x78</size>
         <input_file_ref idref="fl-f0"/>
      </object_component>
      <object_component id="oc-5b8">
         <name>.data:_stream</name>
         <load_address>0x200008ec</load_address>
         <run_address>0x200008ec</run_address>
         <size>0x50</size>
         <input_file_ref idref="fl-f0"/>
      </object_component>
      <object_component id="oc-5fc">
         <name>.data</name>
         <load_address>0x20000998</load_address>
         <run_address>0x20000998</run_address>
         <size>0x4</size>
         <input_file_ref idref="fl-f1"/>
      </object_component>
      <object_component id="oc-3de">
         <name>.data</name>
         <load_address>0x20000990</load_address>
         <run_address>0x20000990</run_address>
         <size>0x4</size>
         <input_file_ref idref="fl-f2"/>
      </object_component>
      <object_component id="oc-639">
         <name>.bss:_CIOBUF_</name>
         <uninitialized>true</uninitialized>
         <run_address>0x200004e8</run_address>
         <size>0x120</size>
         <input_file_ref idref="fl-106"/>
      </object_component>
      <object_component id="oc-1f5">
         <name>.common:TA0cfg</name>
         <uninitialized>true</uninitialized>
         <run_address>0x200006a8</run_address>
         <size>0x18</size>
      </object_component>
      <object_component id="oc-201">
         <name>.common:TA1cfg</name>
         <uninitialized>true</uninitialized>
         <run_address>0x200006c0</run_address>
         <size>0x18</size>
      </object_component>
      <object_component id="oc-1f8">
         <name>.common:TA3cfg</name>
         <uninitialized>true</uninitialized>
         <run_address>0x20000728</run_address>
         <size>0x10</size>
      </object_component>
      <object_component id="oc-1f6">
         <name>.common:TA0_ccr3</name>
         <uninitialized>true</uninitialized>
         <run_address>0x20000708</run_address>
         <size>0x10</size>
      </object_component>
      <object_component id="oc-1f7">
         <name>.common:TA0_ccr4</name>
         <uninitialized>true</uninitialized>
         <run_address>0x20000718</run_address>
         <size>0x10</size>
      </object_component>
      <object_component id="oc-1f9">
         <name>.common:TA3_ccr0</name>
         <uninitialized>true</uninitialized>
         <run_address>0x200006d8</run_address>
         <size>0x18</size>
      </object_component>
      <object_component id="oc-1fa">
         <name>.common:TA3_ccr1</name>
         <uninitialized>true</uninitialized>
         <run_address>0x200006f0</run_address>
         <size>0x18</size>
      </object_component>
      <object_component id="oc-326">
         <name>.common:enc_total_L</name>
         <uninitialized>true</uninitialized>
         <run_address>0x20000778</run_address>
         <size>0x4</size>
      </object_component>
      <object_component id="oc-32b">
         <name>.common:enc_total_R</name>
         <uninitialized>true</uninitialized>
         <run_address>0x2000077c</run_address>
         <size>0x4</size>
      </object_component>
      <object_component id="oc-324">
         <name>.common:Tach_L_count</name>
         <uninitialized>true</uninitialized>
         <run_address>0x20000748</run_address>
         <size>0x4</size>
      </object_component>
      <object_component id="oc-327">
         <name>.common:Tach_L</name>
         <uninitialized>true</uninitialized>
         <run_address>0x20000740</run_address>
         <size>0x4</size>
      </object_component>
      <object_component id="oc-329">
         <name>.common:Tach_L_sum</name>
         <uninitialized>true</uninitialized>
         <run_address>0x2000074c</run_address>
         <size>0x4</size>
      </object_component>
      <object_component id="oc-328">
         <name>.common:Tach_L_sum_count</name>
         <uninitialized>true</uninitialized>
         <run_address>0x20000750</run_address>
         <size>0x4</size>
      </object_component>
      <object_component id="oc-32a">
         <name>.common:Tach_L_avg</name>
         <uninitialized>true</uninitialized>
         <run_address>0x20000744</run_address>
         <size>0x4</size>
      </object_component>
      <object_component id="oc-325">
         <name>.common:Tach_R_count</name>
         <uninitialized>true</uninitialized>
         <run_address>0x2000075c</run_address>
         <size>0x4</size>
      </object_component>
      <object_component id="oc-32c">
         <name>.common:Tach_R</name>
         <uninitialized>true</uninitialized>
         <run_address>0x20000754</run_address>
         <size>0x4</size>
      </object_component>
      <object_component id="oc-32e">
         <name>.common:Tach_R_sum</name>
         <uninitialized>true</uninitialized>
         <run_address>0x20000760</run_address>
         <size>0x4</size>
      </object_component>
      <object_component id="oc-32d">
         <name>.common:Tach_R_sum_count</name>
         <uninitialized>true</uninitialized>
         <run_address>0x20000764</run_address>
         <size>0x4</size>
      </object_component>
      <object_component id="oc-32f">
         <name>.common:Tach_R_avg</name>
         <uninitialized>true</uninitialized>
         <run_address>0x20000758</run_address>
         <size>0x4</size>
      </object_component>
      <object_component id="oc-122">
         <name>.common:adc_out</name>
         <uninitialized>true</uninitialized>
         <run_address>0x20000768</run_address>
         <size>0x4</size>
      </object_component>
      <object_component id="oc-128">
         <name>.common:speed_L</name>
         <uninitialized>true</uninitialized>
         <run_address>0x20000780</run_address>
         <size>0x2</size>
      </object_component>
      <object_component id="oc-129">
         <name>.common:speed_R</name>
         <uninitialized>true</uninitialized>
         <run_address>0x20000782</run_address>
         <size>0x2</size>
      </object_component>
      <object_component id="oc-125">
         <name>.common:desired_speed</name>
         <uninitialized>true</uninitialized>
         <run_address>0x2000076c</run_address>
         <size>0x4</size>
      </object_component>
      <object_component id="oc-126">
         <name>.common:desired_speed_left</name>
         <uninitialized>true</uninitialized>
         <run_address>0x20000770</run_address>
         <size>0x4</size>
      </object_component>
      <object_component id="oc-127">
         <name>.common:desired_speed_right</name>
         <uninitialized>true</uninitialized>
         <run_address>0x20000774</run_address>
         <size>0x4</size>
      </object_component>
      <object_component id="oc-542">
         <name>.common:__TI_tmpnams</name>
         <uninitialized>true</uninitialized>
         <run_address>0x20000608</run_address>
         <size>0xa0</size>
      </object_component>
      <object_component id="oc-5d3">
         <name>.common:parmbuf</name>
         <uninitialized>true</uninitialized>
         <run_address>0x20000738</run_address>
         <size>0x8</size>
      </object_component>
      <object_component id="oc-29">
         <name>.sysmem</name>
         <uninitialized>true</uninitialized>
         <run_address>0x200000e8</run_address>
         <size>0x10</size>
         <input_file_ref idref="fl-ea"/>
      </object_component>
      <object_component id="oc-69b">
         <name>.sysmem</name>
         <uninitialized>true</uninitialized>
         <run_address>0x200000e8</run_address>
         <size>0x0</size>
      </object_component>
      <object_component id="oc-2c">
         <name>.stack</name>
         <uninitialized>true</uninitialized>
         <run_address>0x2000fc00</run_address>
         <size>0x4</size>
         <input_file_ref idref="fl-ee"/>
      </object_component>
      <object_component id="oc-69a">
         <name>.stack</name>
         <uninitialized>true</uninitialized>
         <run_address>0x2000fc00</run_address>
         <size>0x0</size>
      </object_component>
      <object_component id="oc-123">
         <name>.debug_info</name>
         <load_address>0x0</load_address>
         <run_address>0x0</run_address>
         <size>0x12a2</size>
         <input_file_ref idref="fl-2"/>
      </object_component>
      <object_component id="oc-120">
         <name>.debug_info</name>
         <load_address>0x12a2</load_address>
         <run_address>0x12a2</run_address>
         <size>0x241</size>
         <input_file_ref idref="fl-2"/>
      </object_component>
      <object_component id="oc-a1">
         <name>.debug_info</name>
         <load_address>0x14e3</load_address>
         <run_address>0x14e3</run_address>
         <size>0x269</size>
         <input_file_ref idref="fl-2"/>
      </object_component>
      <object_component id="oc-ea">
         <name>.debug_info</name>
         <load_address>0x174c</load_address>
         <run_address>0x174c</run_address>
         <size>0x212</size>
         <input_file_ref idref="fl-2"/>
      </object_component>
      <object_component id="oc-e4">
         <name>.debug_info</name>
         <load_address>0x195e</load_address>
         <run_address>0x195e</run_address>
         <size>0x29a</size>
         <input_file_ref idref="fl-2"/>
      </object_component>
      <object_component id="oc-f0">
         <name>.debug_info</name>
         <load_address>0x1bf8</load_address>
         <run_address>0x1bf8</run_address>
         <size>0x273</size>
         <input_file_ref idref="fl-2"/>
      </object_component>
      <object_component id="oc-1fc">
         <name>.debug_info</name>
         <load_address>0x1e6b</load_address>
         <run_address>0x1e6b</run_address>
         <size>0x3c8</size>
         <input_file_ref idref="fl-2"/>
      </object_component>
      <object_component id="oc-203">
         <name>.debug_info</name>
         <load_address>0x2233</load_address>
         <run_address>0x2233</run_address>
         <size>0x122</size>
         <input_file_ref idref="fl-2"/>
      </object_component>
      <object_component id="oc-bc">
         <name>.debug_info</name>
         <load_address>0x2355</load_address>
         <run_address>0x2355</run_address>
         <size>0x26b</size>
         <input_file_ref idref="fl-2"/>
      </object_component>
      <object_component id="oc-24a">
         <name>.debug_info</name>
         <load_address>0x25c0</load_address>
         <run_address>0x25c0</run_address>
         <size>0x1028</size>
         <input_file_ref idref="fl-2"/>
      </object_component>
      <object_component id="oc-245">
         <name>.debug_info</name>
         <load_address>0x35e8</load_address>
         <run_address>0x35e8</run_address>
         <size>0x37e2</size>
         <input_file_ref idref="fl-2"/>
      </object_component>
      <object_component id="oc-24f">
         <name>.debug_info</name>
         <load_address>0x6dca</load_address>
         <run_address>0x6dca</run_address>
         <size>0x341</size>
         <input_file_ref idref="fl-2"/>
      </object_component>
      <object_component id="oc-12b">
         <name>.debug_info</name>
         <load_address>0x710b</load_address>
         <run_address>0x710b</run_address>
         <size>0x8b</size>
         <input_file_ref idref="fl-2"/>
      </object_component>
      <object_component id="oc-16f">
         <name>.debug_info</name>
         <load_address>0x7196</load_address>
         <run_address>0x7196</run_address>
         <size>0x2a4</size>
         <input_file_ref idref="fl-2"/>
      </object_component>
      <object_component id="oc-254">
         <name>.debug_info</name>
         <load_address>0x743a</load_address>
         <run_address>0x743a</run_address>
         <size>0xef</size>
         <input_file_ref idref="fl-2"/>
      </object_component>
      <object_component id="oc-23e">
         <name>.debug_info</name>
         <load_address>0x7529</load_address>
         <run_address>0x7529</run_address>
         <size>0xbb</size>
         <input_file_ref idref="fl-2"/>
      </object_component>
      <object_component id="oc-42e">
         <name>.debug_info</name>
         <load_address>0x75e4</load_address>
         <run_address>0x75e4</run_address>
         <size>0xcc</size>
         <input_file_ref idref="fl-2"/>
      </object_component>
      <object_component id="oc-410">
         <name>.debug_info</name>
         <load_address>0x76b0</load_address>
         <run_address>0x76b0</run_address>
         <size>0x2c</size>
         <input_file_ref idref="fl-2"/>
      </object_component>
      <object_component id="oc-236">
         <name>.debug_info</name>
         <load_address>0x76dc</load_address>
         <run_address>0x76dc</run_address>
         <size>0x2c</size>
         <input_file_ref idref="fl-2"/>
      </object_component>
      <object_component id="oc-421">
         <name>.debug_info</name>
         <load_address>0x7708</load_address>
         <run_address>0x7708</run_address>
         <size>0x102</size>
         <input_file_ref idref="fl-2"/>
      </object_component>
      <object_component id="oc-2b6">
         <name>.debug_info</name>
         <load_address>0x780a</load_address>
         <run_address>0x780a</run_address>
         <size>0x765</size>
         <input_file_ref idref="fl-3"/>
      </object_component>
      <object_component id="oc-289">
         <name>.debug_info</name>
         <load_address>0x7f6f</load_address>
         <run_address>0x7f6f</run_address>
         <size>0xd2</size>
         <input_file_ref idref="fl-3"/>
      </object_component>
      <object_component id="oc-41e">
         <name>.debug_info</name>
         <load_address>0x8041</load_address>
         <run_address>0x8041</run_address>
         <size>0xd2</size>
         <input_file_ref idref="fl-3"/>
      </object_component>
      <object_component id="oc-de">
         <name>.debug_info</name>
         <load_address>0x8113</load_address>
         <run_address>0x8113</run_address>
         <size>0x12f</size>
         <input_file_ref idref="fl-3"/>
      </object_component>
      <object_component id="oc-175">
         <name>.debug_info</name>
         <load_address>0x8242</load_address>
         <run_address>0x8242</run_address>
         <size>0x180</size>
         <input_file_ref idref="fl-3"/>
      </object_component>
      <object_component id="oc-2ab">
         <name>.debug_info</name>
         <load_address>0x83c2</load_address>
         <run_address>0x83c2</run_address>
         <size>0x1c6</size>
         <input_file_ref idref="fl-3"/>
      </object_component>
      <object_component id="oc-2b0">
         <name>.debug_info</name>
         <load_address>0x8588</load_address>
         <run_address>0x8588</run_address>
         <size>0x14f</size>
         <input_file_ref idref="fl-3"/>
      </object_component>
      <object_component id="oc-28c">
         <name>.debug_info</name>
         <load_address>0x86d7</load_address>
         <run_address>0x86d7</run_address>
         <size>0x19f</size>
         <input_file_ref idref="fl-3"/>
      </object_component>
      <object_component id="oc-292">
         <name>.debug_info</name>
         <load_address>0x8876</load_address>
         <run_address>0x8876</run_address>
         <size>0x1a1</size>
         <input_file_ref idref="fl-3"/>
      </object_component>
      <object_component id="oc-298">
         <name>.debug_info</name>
         <load_address>0x8a17</load_address>
         <run_address>0x8a17</run_address>
         <size>0x19e</size>
         <input_file_ref idref="fl-3"/>
      </object_component>
      <object_component id="oc-29e">
         <name>.debug_info</name>
         <load_address>0x8bb5</load_address>
         <run_address>0x8bb5</run_address>
         <size>0x142</size>
         <input_file_ref idref="fl-3"/>
      </object_component>
      <object_component id="oc-2a5">
         <name>.debug_info</name>
         <load_address>0x8cf7</load_address>
         <run_address>0x8cf7</run_address>
         <size>0x185</size>
         <input_file_ref idref="fl-3"/>
      </object_component>
      <object_component id="oc-429">
         <name>.debug_info</name>
         <load_address>0x8e7c</load_address>
         <run_address>0x8e7c</run_address>
         <size>0x37e2</size>
         <input_file_ref idref="fl-3"/>
      </object_component>
      <object_component id="oc-78">
         <name>.debug_info</name>
         <load_address>0xc65e</load_address>
         <run_address>0xc65e</run_address>
         <size>0x2c1</size>
         <input_file_ref idref="fl-4"/>
      </object_component>
      <object_component id="oc-27">
         <name>.debug_info</name>
         <load_address>0xc91f</load_address>
         <run_address>0xc91f</run_address>
         <size>0xed</size>
         <input_file_ref idref="fl-4"/>
      </object_component>
      <object_component id="oc-6c">
         <name>.debug_info</name>
         <load_address>0xca0c</load_address>
         <run_address>0xca0c</run_address>
         <size>0x150</size>
         <input_file_ref idref="fl-4"/>
      </object_component>
[...]
      </symbol>
      <symbol id="sm-782">
         <name>__aeabi_ddiv</name>
         <value>0x1c69</value>
         <object_component_ref idref="oc-310"/>
      </symbol>
      <symbol id="sm-78d">
         <name>__aeabi_dmul</name>
         <value>0x2415</value>
         <object_component_ref idref="oc-46e"/>
      </symbol>
      <symbol id="sm-797">
         <name>__aeabi_d2iz</name>
         <value>0x3d91</value>
         <object_component_ref idref="oc-315"/>
      </symbol>
      <symbol id="sm-7a1">
         <name>__aeabi_i2d</name>
         <value>0x41a9</value>
         <object_component_ref idref="oc-30b"/>
      </symbol>
      <symbol id="sm-7bc">
         <name>memcpy</name>
         <value>0x2bd1</value>
         <object_component_ref idref="oc-3a"/>
      </symbol>
      <symbol id="sm-7bd">
         <name>__aeabi_memcpy</name>
         <value>0x2bd1</value>
         <object_component_ref idref="oc-3a"/>
      </symbol>
      <symbol id="sm-7be">
         <name>__aeabi_memcpy8</name>
         <value>0x2bd1</value>
         <object_component_ref idref="oc-3a"/>
      </symbol>
      <symbol id="sm-7bf">
         <name>__aeabi_memcpy4</name>
         <value>0x2bd1</value>
         <object_component_ref idref="oc-3a"/>
      </symbol>
      <symbol id="sm-7c9">
         <name>__aeabi_ui2d</name>
         <value>0x4401</value>
         <object_component_ref idref="oc-31a"/>
      </symbol>
      <symbol id="sm-7d6">
         <name>__aeabi_uldivmod</name>
         <value>0x2d05</value>
         <object_component_ref idref="oc-467"/>
      </symbol>
      <symbol id="sm-7e5">
         <name>__aeabi_memset</name>
         <value>0x3147</value>
         <object_component_ref idref="oc-94"/>
      </symbol>
      <symbol id="sm-7e6">
         <name>memset</name>
         <value>0x314d</value>
         <object_component_ref idref="oc-94"/>
      </symbol>
      <symbol id="sm-7e7">
         <name>__aeabi_memset8</name>
         <value>0x3147</value>
         <object_component_ref idref="oc-94"/>
      </symbol>
      <symbol id="sm-7e8">
         <name>__aeabi_memset4</name>
         <value>0x3147</value>
         <object_component_ref idref="oc-94"/>
      </symbol>
      <symbol id="sm-7e9">
         <name>__aeabi_memclr8</name>
         <value>0x3145</value>
         <object_component_ref idref="oc-94"/>
      </symbol>
      <symbol id="sm-7ea">
         <name>__aeabi_memclr4</name>
         <value>0x3145</value>
         <object_component_ref idref="oc-94"/>
      </symbol>
      <symbol id="sm-7eb">
         <name>__aeabi_memclr</name>
         <value>0x3145</value>
         <object_component_ref idref="oc-94"/>
      </symbol>
      <symbol id="sm-7ff">
         <name>__TI_zero_init_nomemset</name>
         <value>0x443d</value>
         <object_component_ref idref="oc-46"/>
      </symbol>
      <symbol id="sm-816">
         <name>__TI_decompress_none</name>
         <value>0x45c5</value>
         <object_component_ref idref="oc-1d"/>
      </symbol>
      <symbol id="sm-839">
         <name>__TI_decompress_lzss</name>
         <value>0x3451</value>
         <object_component_ref idref="oc-17"/>
      </symbol>
      <symbol id="sm-85f">
         <name>C$$EXIT</name>
         <value>0x461d</value>
         <object_component_ref idref="oc-130"/>
      </symbol>
      <symbol id="sm-860">
         <name>abort</name>
         <value>0x461d</value>
         <object_component_ref idref="oc-130"/>
      </symbol>
      <symbol id="sm-861">
         <name>__TI_dtors_ptr</name>
         <value>0x20000978</value>
         <object_component_ref idref="oc-25a"/>
      </symbol>
      <symbol id="sm-862">
         <name>__TI_cleanup_ptr</name>
         <value>0x20000974</value>
         <object_component_ref idref="oc-25a"/>
      </symbol>
      <symbol id="sm-863">
         <name>__TI_enable_exit_profile_output</name>
         <value>0x2000097c</value>
         <object_component_ref idref="oc-25a"/>
      </symbol>
      <symbol id="sm-864">
         <name>exit</name>
         <value>0x3d49</value>
         <object_component_ref idref="oc-136"/>
      </symbol>
      <symbol id="sm-879">
         <name>_nop</name>
         <value>0x16db</value>
         <object_component_ref idref="oc-398"/>
      </symbol>
      <symbol id="sm-87a">
         <name>_lock</name>
         <value>0x20000980</value>
         <object_component_ref idref="oc-222"/>
      </symbol>
      <symbol id="sm-87b">
         <name>_unlock</name>
         <value>0x20000984</value>
         <object_component_ref idref="oc-222"/>
      </symbol>
      <symbol id="sm-88a">
         <name>__TI_ltoa</name>
         <value>0x3a81</value>
         <object_component_ref idref="oc-478"/>
      </symbol>
      <symbol id="sm-8a0">
         <name>atoi</name>
         <value>0x3cb5</value>
         <object_component_ref idref="oc-351"/>
      </symbol>
      <symbol id="sm-8ab">
         <name>_ctypes_</name>
         <value>0x4620</value>
         <object_component_ref idref="oc-462"/>
      </symbol>
      <symbol id="sm-8c0">
         <name>__TI_tmpnams</name>
         <value>0x20000608</value>
      </symbol>
      <symbol id="sm-8c1">
         <name>__aeabi_stdout</name>
         <value>0x2000096c</value>
         <object_component_ref idref="oc-562"/>
      </symbol>
      <symbol id="sm-8c2">
         <name>__aeabi_stderr</name>
         <value>0x20000970</value>
         <object_component_ref idref="oc-562"/>
      </symbol>
      <symbol id="sm-8c3">
         <name>__aeabi_stdin</name>
         <value>0x20000968</value>
         <object_component_ref idref="oc-562"/>
      </symbol>
      <symbol id="sm-8c4">
         <name>_ftable</name>
         <value>0x20000784</value>
         <object_component_ref idref="oc-225"/>
      </symbol>
      <symbol id="sm-8c5">
         <name>__TI_ft_end</name>
         <value>0x20000964</value>
         <object_component_ref idref="oc-562"/>
      </symbol>
      <symbol id="sm-8d5">
         <name>memccpy</name>
         <value>0x4475</value>
         <object_component_ref idref="oc-37a"/>
      </symbol>
      <symbol id="sm-8e5">
         <name>memchr</name>
         <value>0x43e1</value>
         <object_component_ref idref="oc-4d6"/>
      </symbol>
      <symbol id="sm-969">
         <name>_sys_memory</name>
         <value>0x200000e8</value>
         <object_component_ref idref="oc-29"/>
      </symbol>
      <symbol id="sm-96a">
         <name>free</name>
         <value>0x2511</value>
         <object_component_ref idref="oc-3f2"/>
      </symbol>
      <symbol id="sm-96b">
         <name>memalign</name>
         <value>0x2315</value>
         <object_component_ref idref="oc-55b"/>
      </symbol>
      <symbol id="sm-96c">
         <name>malloc</name>
         <value>0x4609</value>
         <object_component_ref idref="oc-3f8"/>
      </symbol>
      <symbol id="sm-96d">
         <name>aligned_alloc</name>
         <value>0x2315</value>
         <object_component_ref idref="oc-55b"/>
      </symbol>
      <symbol id="sm-97d">
         <name>strchr</name>
         <value>0x4521</value>
         <object_component_ref idref="oc-4a5"/>
      </symbol>
      <symbol id="sm-98b">
         <name>strlen</name>
         <value>0x454b</value>
         <object_component_ref idref="oc-34b"/>
      </symbol>
      <symbol id="sm-9a1">
         <name>__aeabi_errno_addr</name>
         <value>0x4601</value>
         <object_component_ref idref="oc-386"/>
      </symbol>
      <symbol id="sm-9a2">
         <name>errno</name>
         <value>0x20000994</value>
         <object_component_ref idref="oc-4b5"/>
      </symbol>
      <symbol id="sm-9b5">
         <name>__stack</name>
         <value>0x2000fc00</value>
         <object_component_ref idref="oc-2c"/>
      </symbol>
      <symbol id="sm-9b6">
         <name>_c_int00_noargs</name>
         <value>0x40e1</value>
         <object_component_ref idref="oc-58"/>
      </symbol>
      <symbol id="sm-9cb">
         <name>write</name>
         <value>0x4375</value>
         <object_component_ref idref="oc-4e2"/>
      </symbol>
      <symbol id="sm-9dc">
         <name>_stream</name>
         <value>0x200008ec</value>
         <object_component_ref idref="oc-5b8"/>
      </symbol>
      <symbol id="sm-9dd">
         <name>_device</name>
         <value>0x20000874</value>
         <object_component_ref idref="oc-3df"/>
      </symbol>
      <symbol id="sm-9fa">
         <name>open</name>
         <value>0x27a5</value>
         <object_component_ref idref="oc-545"/>
      </symbol>
      <symbol id="sm-a1a">
         <name>add_device</name>
         <value>0x2861</value>
         <object_component_ref idref="oc-276"/>
      </symbol>
      <symbol id="sm-a2f">
         <name>__TI_closefile</name>
         <value>0x31c1</value>
         <object_component_ref idref="oc-3e4"/>
      </symbol>
      <symbol id="sm-a3f">
         <name>__TI_doflush</name>
         <value>0x3c69</value>
         <object_component_ref idref="oc-4dc"/>
      </symbol>
      <symbol id="sm-a51">
         <name>fseek</name>
         <value>0x35e9</value>
         <object_component_ref idref="oc-5ad"/>
      </symbol>
      <symbol id="sm-a6f">
         <name>finddevice</name>
         <value>0x4179</value>
         <object_component_ref idref="oc-3d2"/>
      </symbol>
      <symbol id="sm-a70">
         <name>getdevice</name>
         <value>0x3ea5</value>
         <object_component_ref idref="oc-5f2"/>
      </symbol>
      <symbol id="sm-a7a">
         <name>copysign</name>
         <value>0x4491</value>
         <object_component_ref idref="oc-591"/>
      </symbol>
      <symbol id="sm-a7b">
         <name>copysignl</name>
         <value>0x4491</value>
         <object_component_ref idref="oc-591"/>
      </symbol>
      <symbol id="sm-a85">
         <name>__aeabi_idiv0</name>
         <value>0x1d9f</value>
         <object_component_ref idref="oc-57c"/>
      </symbol>
      <symbol id="sm-a86">
         <name>__aeabi_ldiv0</name>
         <value>0x1d9f</value>
         <object_component_ref idref="oc-57c"/>
      </symbol>
      <symbol id="sm-aae">
         <name>__TI_auto_init_nobinit_nopinit</name>
         <value>0x3e61</value>
         <object_component_ref idref="oc-13c"/>
      </symbol>
      <symbol id="sm-ab8">
         <name>_system_pre_init</name>
         <value>0x4619</value>
         <object_component_ref idref="oc-9a"/>
      </symbol>
      <symbol id="sm-ac9">
         <name>strcmp</name>
         <value>0x44dd</value>
         <object_component_ref idref="oc-4f8"/>
      </symbol>
      <symbol id="sm-ad9">
         <name>strncpy</name>
         <value>0x3fd9</value>
         <object_component_ref idref="oc-3d8"/>
      </symbol>
      <symbol id="sm-aea">
         <name>HOSTclose</name>
         <value>0x3dd9</value>
         <object_component_ref idref="oc-508"/>
      </symbol>
      <symbol id="sm-afb">
         <name>HOSTlseek</name>
         <value>0x3381</value>
         <object_component_ref idref="oc-51a"/>
      </symbol>
      <symbol id="sm-b0d">
         <name>parmbuf</name>
         <value>0x20000738</value>
      </symbol>
      <symbol id="sm-b0e">
         <name>HOSTopen</name>
         <value>0x36b1</value>
         <object_component_ref idref="oc-502"/>
      </symbol>
      <symbol id="sm-b1f">
         <name>HOSTread</name>
         <value>0x3879</value>
         <object_component_ref idref="oc-50e"/>
      </symbol>
      <symbol id="sm-b30">
         <name>HOSTrename</name>
         <value>0x3315</value>
         <object_component_ref idref="oc-526"/>
      </symbol>
      <symbol id="sm-b41">
         <name>HOSTunlink</name>
         <value>0x3e1d</value>
         <object_component_ref idref="oc-520"/>
      </symbol>
      <symbol id="sm-b52">
         <name>HOSTwrite</name>
         <value>0x38d1</value>
         <object_component_ref idref="oc-514"/>
      </symbol>
      <symbol id="sm-b76">
         <name>__TI_readmsg</name>
         <value>0x40ad</value>
         <object_component_ref idref="oc-5cd"/>
      </symbol>
      <symbol id="sm-b77">
         <name>C$$IO$$</name>
         <value>0x3fcf</value>
         <object_component_ref idref="oc-5c7"/>
      </symbol>
      <symbol id="sm-b78">
         <name>__CIOBUF_</name>
         <value>0x200004e8</value>
         <object_component_ref idref="oc-639"/>
      </symbol>
      <symbol id="sm-b79">
         <name>__TI_writemsg</name>
         <value>0x3fa1</value>
         <object_component_ref idref="oc-5c7"/>
      </symbol>
      <symbol id="sm-b8a">
         <name>lseek</name>
         <value>0x434d</value>
         <object_component_ref idref="oc-627"/>
      </symbol>
      <symbol id="sm-b9e">
         <name>close</name>
         <value>0x376d</value>
         <object_component_ref idref="oc-536"/>
      </symbol>
      <symbol id="sm-bac">
         <name>strcpy</name>
         <value>0x4537</value>
         <object_component_ref idref="oc-5e1"/>
      </symbol>
      <symbol id="sm-bbc">
         <name>unlink</name>
         <value>0x4231</value>
         <object_component_ref idref="oc-53c"/>
      </symbol>
      <symbol id="sm-bbd">
         <name>__TI_static_base__</name>
         <value>0x0</value>
      </symbol>
      <symbol id="sm-bc0">
         <name>__mpu_init</name>
         <value>0x0</value>
      </symbol>
      <symbol id="sm-bc1">
         <name>_system_post_cinit</name>
         <value>0x0</value>
      </symbol>
      <symbol id="sm-bc2">
         <name>NMI_Handler</name>
         <value>0xb33</value>
      </symbol>
      <symbol id="sm-bc3">
         <name>HardFault_Handler</name>
         <value>0xb33</value>
      </symbol>
      <symbol id="sm-bc4">
         <name>MemManage_Handler</name>
         <value>0xb33</value>
      </symbol>
      <symbol id="sm-bc5">
         <name>BusFault_Handler</name>
         <value>0xb33</value>
      </symbol>
      <symbol id="sm-bc6">
         <name>UsageFault_Handler</name>
         <value>0xb33</value>
      </symbol>
      <symbol id="sm-bc7">
         <name>SVC_Handler</name>
         <value>0xb33</value>
      </symbol>
      <symbol id="sm-bc8">
         <name>DebugMon_Handler</name>
         <value>0xb33</value>
      </symbol>
      <symbol id="sm-bc9">
         <name>PendSV_Handler</name>
         <value>0xb33</value>
      </symbol>
      <symbol id="sm-bca">
         <name>SysTick_Handler</name>
         <value>0xb33</value>
      </symbol>
      <symbol id="sm-bcb">
         <name>PSS_IRQHandler</name>
         <value>0xb33</value>
      </symbol>
      <symbol id="sm-bcc">
         <name>CS_IRQHandler</name>
         <value>0xb33</value>
      </symbol>
      <symbol id="sm-bcd">
         <name>PCM_IRQHandler</name>
         <value>0xb33</value>
      </symbol>
      <symbol id="sm-bce">
         <name>WDT_A_IRQHandler</name>
         <value>0xb33</value>
      </symbol>
      <symbol id="sm-bcf">
         <name>FPU_IRQHandler</name>
         <value>0xb33</value>
      </symbol>
      <symbol id="sm-bd0">
         <name>FLCTL_IRQHandler</name>
         <value>0xb33</value>
      </symbol>
      <symbol id="sm-bd1">
         <name>COMP_E0_IRQHandler</name>
         <value>0xb33</value>
      </symbol>
      <symbol id="sm-bd2">
         <name>COMP_E1_IRQHandler</name>
         <value>0xb33</value>
      </symbol>
      <symbol id="sm-bd3">
         <name>TA0_0_IRQHandler</name>
         <value>0xb33</value>
      </symbol>
      <symbol id="sm-bd4">
         <name>TA0_N_IRQHandler</name>
         <value>0xb33</value>
      </symbol>
      <symbol id="sm-bd5">
         <name>TA1_0_IRQHandler</name>
         <value>0xb33</value>
      </symbol>
      <symbol id="sm-bd6">
         <name>TA1_N_IRQHandler</name>
         <value>0xb33</value>
      </symbol>
      <symbol id="sm-bd7">
         <name>TA2_0_IRQHandler</name>
         <value>0xb33</value>
      </symbol>
      <symbol id="sm-bd8">
         <name>TA2_N_IRQHandler</name>
         <value>0xb33</value>
      </symbol>
      <symbol id="sm-bd9">
         <name>TA3_0_IRQHandler</name>
         <value>0xb33</value>
      </symbol>
      <symbol id="sm-bda">
         <name>TA3_N_IRQHandler</name>
         <value>0xb33</value>
      </symbol>
      <symbol id="sm-bdb">
         <name>EUSCIA0_IRQHandler</name>
         <value>0xb33</value>
      </symbol>
      <symbol id="sm-bdc">
         <name>EUSCIA1_IRQHandler</name>
         <value>0xb33</value>
      </symbol>
      <symbol id="sm-bdd">
         <name>EUSCIA2_IRQHandler</name>
         <value>0xb33</value>
      </symbol>
      <symbol id="sm-bde">
         <name>EUSCIA3_IRQHandler</name>
         <value>0xb33</value>
      </symbol>
      <symbol id="sm-bdf">
         <name>EUSCIB0_IRQHandler</name>
         <value>0xb33</value>
      </symbol>
      <symbol id="sm-be0">
         <name>EUSCIB1_IRQHandler</name>
         <value>0xb33</value>
      </symbol>
      <symbol id="sm-be1">
         <name>EUSCIB2_IRQHandler</name>
         <value>0xb33</value>
      </symbol>
      <symbol id="sm-be2">
         <name>EUSCIB3_IRQHandler</name>
         <value>0xb33</value>
      </symbol>
      <symbol id="sm-be3">
         <name>ADC14_IRQHandler</name>
         <value>0xb33</value>
      </symbol>
      <symbol id="sm-be4">
         <name>T32_INT1_IRQHandler</name>
         <value>0xb33</value>
      </symbol>
      <symbol id="sm-be5">
         <name>T32_INT2_IRQHandler</name>
         <value>0xb33</value>
      </symbol>
      <symbol id="sm-be6">
         <name>T32_INTC_IRQHandler</name>
         <value>0xb33</value>
      </symbol>
      <symbol id="sm-be7">
         <name>AES256_IRQHandler</name>
         <value>0xb33</value>
      </symbol>
      <symbol id="sm-be8">
         <name>RTC_C_IRQHandler</name>
         <value>0xb33</value>
      </symbol>
      <symbol id="sm-be9">
         <name>DMA_ERR_IRQHandler</name>
         <value>0xb33</value>
      </symbol>
      <symbol id="sm-bea">
         <name>DMA_INT3_IRQHandler</name>
         <value>0xb33</value>
      </symbol>
      <symbol id="sm-beb">
         <name>DMA_INT2_IRQHandler</name>
         <value>0xb33</value>
      </symbol>
      <symbol id="sm-bec">
         <name>DMA_INT1_IRQHandler</name>
         <value>0xb33</value>
      </symbol>
      <symbol id="sm-bed">
         <name>DMA_INT0_IRQHandler</name>
         <value>0xb33</value>
      </symbol>
      <symbol id="sm-bee">
         <name>PORT1_IRQHandler</name>
         <value>0xb33</value>
      </symbol>
      <symbol id="sm-bef">
         <name>PORT2_IRQHandler</name>
         <value>0xb33</value>
      </symbol>
      <symbol id="sm-bf0">
         <name>PORT3_IRQHandler</name>
         <value>0xb33</value>
      </symbol>
      <symbol id="sm-bf1">
         <name>PORT4_IRQHandler</name>
         <value>0xb33</value>
      </symbol>
      <symbol id="sm-bf2">
         <name>PORT5_IRQHandler</name>
         <value>0xb33</value>
      </symbol>
      <symbol id="sm-bf3">
         <name>PORT6_IRQHandler</name>
         <value>0xb33</value>
      </symbol>
      <symbol id="sm-bf4">
         <name>remove</name>
         <value>0x4231</value>
      </symbol>
   </symbol_table>
   <title>Link successful</title>
</link_info>
